Archive member included to satisfy reference by file (symbol)

/usr/lib/libc_nonshared.a(elf-init.oS)
                              /usr/lib/gcc/x86_64-pc-linux-gnu/11.1.0/../../../../lib/Scrt1.o (__libc_csu_init)

Merging program properties

Removed property 0xc0000002 to merge /usr/lib/gcc/x86_64-pc-linux-gnu/11.1.0/../../../../lib/Scrt1.o (0x3) and obj/encryptedMessage.o (not found)
Removed property 0xc0000002 to merge /usr/lib/gcc/x86_64-pc-linux-gnu/11.1.0/../../../../lib/Scrt1.o (not found) and /usr/lib/libc_nonshared.a(elf-init.oS) (0x3)
Removed property 0xc0000002 to merge /usr/lib/gcc/x86_64-pc-linux-gnu/11.1.0/../../../../lib/Scrt1.o (not found) and /usr/lib/gcc/x86_64-pc-linux-gnu/11.1.0/crtendS.o (0x3)
Removed property 0xc0000002 to merge /usr/lib/gcc/x86_64-pc-linux-gnu/11.1.0/../../../../lib/Scrt1.o (not found) and /usr/lib/gcc/x86_64-pc-linux-gnu/11.1.0/../../../../lib/crtn.o (0x3)

Discarded input sections

 .note.GNU-stack
                0x0000000000000000        0x0 /usr/lib/gcc/x86_64-pc-linux-gnu/11.1.0/../../../../lib/Scrt1.o
 .note.gnu.property
                0x0000000000000000       0x50 /usr/lib/gcc/x86_64-pc-linux-gnu/11.1.0/../../../../lib/crti.o
 .note.GNU-stack
                0x0000000000000000        0x0 /usr/lib/gcc/x86_64-pc-linux-gnu/11.1.0/../../../../lib/crti.o
 .note.GNU-stack
                0x0000000000000000        0x0 /usr/lib/gcc/x86_64-pc-linux-gnu/11.1.0/crtbeginS.o
 .note.gnu.property
                0x0000000000000000       0x50 /usr/lib/gcc/x86_64-pc-linux-gnu/11.1.0/crtbeginS.o
 .group         0x0000000000000000        0x8 obj/encryptedMessage.o
 .group         0x0000000000000000        0x8 obj/encryptedMessage.o
 .group         0x0000000000000000        0xc obj/encryptedMessage.o
 .group         0x0000000000000000        0xc obj/encryptedMessage.o
 .group         0x0000000000000000        0xc obj/encryptedMessage.o
 .group         0x0000000000000000        0xc obj/encryptedMessage.o
 .group         0x0000000000000000        0x8 obj/encryptedMessage.o
 .group         0x0000000000000000        0xc obj/encryptedMessage.o
 .group         0x0000000000000000        0xc obj/encryptedMessage.o
 .group         0x0000000000000000        0x8 obj/encryptedMessage.o
 .group         0x0000000000000000        0xc obj/encryptedMessage.o
 .group         0x0000000000000000        0xc obj/encryptedMessage.o
 .group         0x0000000000000000        0xc obj/encryptedMessage.o
 .group         0x0000000000000000        0xc obj/encryptedMessage.o
 .group         0x0000000000000000        0xc obj/encryptedMessage.o
 .group         0x0000000000000000        0xc obj/encryptedMessage.o
 .group         0x0000000000000000        0x8 obj/encryptedMessage.o
 .group         0x0000000000000000        0xc obj/encryptedMessage.o
 .group         0x0000000000000000        0xc obj/encryptedMessage.o
 .group         0x0000000000000000        0xc obj/encryptedMessage.o
 .group         0x0000000000000000        0xc obj/encryptedMessage.o
 .group         0x0000000000000000        0xc obj/encryptedMessage.o
 .group         0x0000000000000000        0x8 obj/encryptedMessage.o
 .group         0x0000000000000000        0x8 obj/encryptedMessage.o
 .group         0x0000000000000000        0xc obj/encryptedMessage.o
 .group         0x0000000000000000        0xc obj/encryptedMessage.o
 .group         0x0000000000000000        0xc obj/encryptedMessage.o
 .group         0x0000000000000000        0xc obj/encryptedMessage.o
 .group         0x0000000000000000        0xc obj/encryptedMessage.o
 .group         0x0000000000000000        0xc obj/encryptedMessage.o
 .group         0x0000000000000000        0x8 obj/encryptedMessage.o
 .group         0x0000000000000000        0x8 obj/encryptedMessage.o
 .group         0x0000000000000000        0xc obj/encryptedMessage.o
 .group         0x0000000000000000        0x8 obj/encryptedMessage.o
 .group         0x0000000000000000        0xc obj/encryptedMessage.o
 .group         0x0000000000000000        0xc obj/encryptedMessage.o
 .group         0x0000000000000000        0x8 obj/encryptedMessage.o
 .group         0x0000000000000000        0xc obj/encryptedMessage.o
 .group         0x0000000000000000        0x8 obj/encryptedMessage.o
 .group         0x0000000000000000        0x8 obj/encryptedMessage.o
 .group         0x0000000000000000        0xc obj/encryptedMessage.o
 .group         0x0000000000000000        0xc obj/encryptedMessage.o
 .group         0x0000000000000000        0x8 obj/encryptedMessage.o
 .group         0x0000000000000000        0x8 obj/encryptedMessage.o
 .group         0x0000000000000000        0xc obj/encryptedMessage.o
 .group         0x0000000000000000        0xc obj/encryptedMessage.o
 .group         0x0000000000000000        0xc obj/encryptedMessage.o
 .group         0x0000000000000000        0xc obj/encryptedMessage.o
 .group         0x0000000000000000        0xc obj/encryptedMessage.o
[...]
Memory Configuration

Name             Origin             Length             Attributes
*default*        0x0000000000000000 0xffffffffffffffff

Linker script and memory map

LOAD /usr/lib/gcc/x86_64-pc-linux-gnu/11.1.0/../../../../lib/Scrt1.o
LOAD /usr/lib/gcc/x86_64-pc-linux-gnu/11.1.0/../../../../lib/crti.o
LOAD /usr/lib/gcc/x86_64-pc-linux-gnu/11.1.0/crtbeginS.o
LOAD obj/encryptedMessage.o
LOAD /tmp/ccJRGZD8.o
LOAD /tmp/ccegt6Yt.o
LOAD /usr/lib/gcc/x86_64-pc-linux-gnu/11.1.0/../../../../lib/libstdc++.so
LOAD /usr/lib/gcc/x86_64-pc-linux-gnu/11.1.0/../../../../lib/libm.so
START GROUP
LOAD /usr/lib/libm.so.6
LOAD /usr/lib/libmvec.so.1
END GROUP
LOAD /usr/lib/gcc/x86_64-pc-linux-gnu/11.1.0/../../../../lib/libgcc_s.so
START GROUP
LOAD /usr/lib/gcc/x86_64-pc-linux-gnu/11.1.0/../../../../lib/libgcc_s.so.1
LOAD /usr/lib/gcc/x86_64-pc-linux-gnu/11.1.0/libgcc.a
END GROUP
LOAD /usr/lib/gcc/x86_64-pc-linux-gnu/11.1.0/libgcc.a
LOAD /usr/lib/gcc/x86_64-pc-linux-gnu/11.1.0/../../../../lib/libc.so
START GROUP
LOAD /usr/lib/libc.so.6
LOAD /usr/lib/libc_nonshared.a
LOAD /usr/lib/ld-linux-x86-64.so.2
END GROUP
LOAD /usr/lib/gcc/x86_64-pc-linux-gnu/11.1.0/../../../../lib/libgcc_s.so
START GROUP
LOAD /usr/lib/gcc/x86_64-pc-linux-gnu/11.1.0/../../../../lib/libgcc_s.so.1
LOAD /usr/lib/gcc/x86_64-pc-linux-gnu/11.1.0/libgcc.a
END GROUP
LOAD /usr/lib/gcc/x86_64-pc-linux-gnu/11.1.0/libgcc.a
LOAD /usr/lib/gcc/x86_64-pc-linux-gnu/11.1.0/crtendS.o
LOAD /usr/lib/gcc/x86_64-pc-linux-gnu/11.1.0/../../../../lib/crtn.o
                [!provide]                        PROVIDE (__executable_start = SEGMENT_START ("text-segment", 0x0))
                0x0000000000000318                . = (SEGMENT_START ("text-segment", 0x0) + SIZEOF_HEADERS)

.interp         0x0000000000000318       0x1c
 *(.interp)
 .interp        0x0000000000000318       0x1c /usr/lib/gcc/x86_64-pc-linux-gnu/11.1.0/../../../../lib/Scrt1.o

.note.gnu.property
                0x0000000000000338       0x40
 .note.gnu.property
                0x0000000000000338       0x40 /usr/lib/gcc/x86_64-pc-linux-gnu/11.1.0/../../../../lib/Scrt1.o

.note.gnu.build-id
                0x0000000000000378       0x24
 *(.note.gnu.build-id)
 .note.gnu.build-id
                0x0000000000000378       0x24 /usr/lib/gcc/x86_64-pc-linux-gnu/11.1.0/../../../../lib/Scrt1.o

.note.ABI-tag   0x000000000000039c       0x20
 .note.ABI-tag  0x000000000000039c       0x20 /usr/lib/gcc/x86_64-pc-linux-gnu/11.1.0/../../../../lib/Scrt1.o

.hash
 *(.hash)

.gnu.hash       0x00000000000003c0       0x28
 *(.gnu.hash)
 .gnu.hash      0x00000000000003c0       0x28 /usr/lib/gcc/x86_64-pc-linux-gnu/11.1.0/../../../../lib/Scrt1.o

.dynsym         0x00000000000003e8      0x4b0
 *(.dynsym)
 .dynsym        0x00000000000003e8      0x4b0 /usr/lib/gcc/x86_64-pc-linux-gnu/11.1.0/../../../../lib/Scrt1.o

.dynstr         0x0000000000000898      0x815
 *(.dynstr)
 .dynstr        0x0000000000000898      0x815 /usr/lib/gcc/x86_64-pc-linux-gnu/11.1.0/../../../../lib/Scrt1.o

.gnu.version    0x00000000000010ae       0x64
 *(.gnu.version)
 .gnu.version   0x00000000000010ae       0x64 /usr/lib/gcc/x86_64-pc-linux-gnu/11.1.0/../../../../lib/Scrt1.o

.gnu.version_d  0x0000000000001118        0x0
 *(.gnu.version_d)
 .gnu.version_d
                0x0000000000001118        0x0 /usr/lib/gcc/x86_64-pc-linux-gnu/11.1.0/../../../../lib/Scrt1.o

.gnu.version_r  0x0000000000001118       0xa0
 *(.gnu.version_r)
 .gnu.version_r
                0x0000000000001118       0xa0 /usr/lib/gcc/x86_64-pc-linux-gnu/11.1.0/../../../../lib/Scrt1.o

.rela.dyn       0x00000000000011b8      0x168
 *(.rela.init)
 *(.rela.text .rela.text.* .rela.gnu.linkonce.t.*)
 .rela.text     0x00000000000011b8        0x0 /usr/lib/gcc/x86_64-pc-linux-gnu/11.1.0/../../../../lib/Scrt1.o
 *(.rela.fini)
 *(.rela.rodata .rela.rodata.* .rela.gnu.linkonce.r.*)
 *(.rela.data .rela.data.* .rela.gnu.linkonce.d.*)
 .rela.data.rel.ro
                0x00000000000011b8        0x0 /usr/lib/gcc/x86_64-pc-linux-gnu/11.1.0/../../../../lib/Scrt1.o
 .rela.data.rel.local
                0x00000000000011b8       0x18 /usr/lib/gcc/x86_64-pc-linux-gnu/11.1.0/../../../../lib/Scrt1.o
 .rela.data.rel.local.DW.ref.__gxx_personality_v0
                0x00000000000011d0       0x18 /usr/lib/gcc/x86_64-pc-linux-gnu/11.1.0/../../../../lib/Scrt1.o
 *(.rela.tdata .rela.tdata.* .rela.gnu.linkonce.td.*)
 *(.rela.tbss .rela.tbss.* .rela.gnu.linkonce.tb.*)
 *(.rela.ctors)
 *(.rela.dtors)
 *(.rela.got)
 .rela.got      0x00000000000011e8       0xa8 /usr/lib/gcc/x86_64-pc-linux-gnu/11.1.0/../../../../lib/Scrt1.o
 *(.rela.bss .rela.bss.* .rela.gnu.linkonce.b.*)
 .rela.bss      0x0000000000001290       0x18 /usr/lib/gcc/x86_64-pc-linux-gnu/11.1.0/../../../../lib/Scrt1.o
 *(.rela.ldata .rela.ldata.* .rela.gnu.linkonce.l.*)
 *(.rela.lbss .rela.lbss.* .rela.gnu.linkonce.lb.*)
 *(.rela.lrodata .rela.lrodata.* .rela.gnu.linkonce.lr.*)
 *(.rela.ifunc)
 .rela.ifunc    0x00000000000012a8        0x0 /usr/lib/gcc/x86_64-pc-linux-gnu/11.1.0/../../../../lib/Scrt1.o
 .rela.fini_array
                0x00000000000012a8       0x18 /usr/lib/gcc/x86_64-pc-linux-gnu/11.1.0/../../../../lib/Scrt1.o
 .rela.init_array
                0x00000000000012c0       0x60 /usr/lib/gcc/x86_64-pc-linux-gnu/11.1.0/../../../../lib/Scrt1.o
 .rela.eh_frame
                0x0000000000001320        0x0 /usr/lib/gcc/x86_64-pc-linux-gnu/11.1.0/../../../../lib/Scrt1.o

.rela.plt       0x0000000000001320      0x3a8
 *(.rela.plt)
 .rela.plt      0x0000000000001320      0x3a8 /usr/lib/gcc/x86_64-pc-linux-gnu/11.1.0/../../../../lib/Scrt1.o
 *(.rela.iplt)
                0x0000000000002000                . = ALIGN (CONSTANT (MAXPAGESIZE))

.init           0x0000000000002000       0x1b
 *(SORT_NONE(.init))
 .init          0x0000000000002000       0x16 /usr/lib/gcc/x86_64-pc-linux-gnu/11.1.0/../../../../lib/crti.o
                0x0000000000002000                _init
 .init          0x0000000000002016        0x5 /usr/lib/gcc/x86_64-pc-linux-gnu/11.1.0/../../../../lib/crtn.o

.plt            0x0000000000002020      0x280
 *(.plt)
 .plt           0x0000000000002020      0x280 /usr/lib/gcc/x86_64-pc-linux-gnu/11.1.0/../../../../lib/Scrt1.o
                0x0000000000002030                std::allocator<char>::~allocator()@@GLIBCXX_3.4
                0x0000000000002040                std::__throw_bad_alloc()@@GLIBCXX_3.4
                0x0000000000002050                __cxa_begin_catch@@CXXABI_1.3
                0x0000000000002060                std::__cxx11::basic_string<char, std::char_traits<char>, std::allocator<char> >::basic_string(std::__cxx11::basic_string<char, std::char_traits<char>, std::allocator<char> > const&)@@GLIBCXX_3.4.21
                0x0000000000002070                strlen@@GLIBC_2.2.5
                0x0000000000002080                std::__throw_length_error(char const*)@@GLIBCXX_3.4
                0x0000000000002090                std::__cxx11::basic_string<char, std::char_traits<char>, std::allocator<char> >::end()@@GLIBCXX_3.4.21
                0x00000000000020a0                std::__cxx11::basic_string<char, std::char_traits<char>, std::allocator<char> >::basic_string(std::__cxx11::basic_string<char, std::char_traits<char>, std::allocator<char> >&&)@@GLIBCXX_3.4.21
                0x00000000000020b0                std::__cxx11::basic_string<char, std::char_traits<char>, std::allocator<char> >::~basic_string()@@GLIBCXX_3.4.21
                0x00000000000020c0                std::__cxx11::basic_string<char, std::char_traits<char>, std::allocator<char> >::_M_set_length(unsigned long)@@GLIBCXX_3.4.21
                0x00000000000020d0                std::__throw_logic_error(char const*)@@GLIBCXX_3.4
                0x00000000000020e0                std::__cxx11::basic_string<char, std::char_traits<char>, std::allocator<char> >::_M_local_data()@@GLIBCXX_3.4.21
                0x00000000000020f0                std::__cxx11::basic_string<char, std::char_traits<char>, std::allocator<char> >::_M_data(char*)@@GLIBCXX_3.4.21
                0x0000000000002100                std::__cxx11::basic_string<char, std::char_traits<char>, std::allocator<char> >::begin()@@GLIBCXX_3.4.21
                0x0000000000002110                __cxa_atexit@@GLIBC_2.2.5
                0x0000000000002120                std::basic_ostream<char, std::char_traits<char> >& std::operator<< <char, std::char_traits<char>, std::allocator<char> >(std::basic_ostream<char, std::char_traits<char> >&, std::__cxx11::basic_string<char, std::char_traits<char>, std::allocator<char> > const&)@@GLIBCXX_3.4.21
                0x0000000000002130                std::basic_ostream<char, std::char_traits<char> >& std::operator<< <std::char_traits<char> >(std::basic_ostream<char, std::char_traits<char> >&, char const*)@@GLIBCXX_3.4
                0x0000000000002140                operator new(unsigned long)@@GLIBCXX_3.4
                0x0000000000002150                operator delete(void*, unsigned long)@@CXXABI_1.3.9
                0x0000000000002160                std::ostream::operator<<(std::ostream& (*)(std::ostream&))@@GLIBCXX_3.4
                0x0000000000002170                std::__cxx11::basic_string<char, std::char_traits<char>, std::allocator<char> >::_Alloc_hider::_Alloc_hider(char*, std::allocator<char> const&)@@GLIBCXX_3.4.21
                0x0000000000002180                std::allocator<char>::~allocator()@@GLIBCXX_3.4
                0x0000000000002190                std::__cxx11::basic_string<char, std::char_traits<char>, std::allocator<char> >::_M_data() const@@GLIBCXX_3.4.21
                0x00000000000021a0                std::__cxx11::basic_string<char, std::char_traits<char>, std::allocator<char> >::_S_copy_chars(char*, char const*, char const*)@@GLIBCXX_3.4.21
                0x00000000000021b0                __stack_chk_fail@@GLIBC_2.4
                0x00000000000021c0                std::__cxx11::basic_string<char, std::char_traits<char>, std::allocator<char> >::_M_dispose()@@GLIBCXX_3.4.21
                0x00000000000021d0                std::__cxx11::basic_string<char, std::char_traits<char>, std::allocator<char> >::operator=(char const*)@@GLIBCXX_3.4.21
                0x00000000000021e0                std::__cxx11::basic_string<char, std::char_traits<char>, std::allocator<char> >::basic_string()@@GLIBCXX_3.4.21
                0x00000000000021f0                __cxa_rethrow@@CXXABI_1.3
                0x0000000000002200                std::basic_ostream<char, std::char_traits<char> >& std::operator<< <std::char_traits<char> >(std::basic_ostream<char, std::char_traits<char> >&, unsigned char)@@GLIBCXX_3.4
                0x0000000000002210                std::ios_base::Init::Init()@@GLIBCXX_3.4
                0x0000000000002220                memmove@@GLIBC_2.2.5
                0x0000000000002230                __cxa_end_catch@@CXXABI_1.3
                0x0000000000002240                std::ostream::operator<<(int)@@GLIBCXX_3.4
                0x0000000000002250                _Unwind_Resume@@GCC_3.0
                0x0000000000002260                std::allocator<char>::allocator()@@GLIBCXX_3.4
                0x0000000000002270                std::__cxx11::basic_string<char, std::char_traits<char>, std::allocator<char> >::_M_create(unsigned long&, unsigned long)@@GLIBCXX_3.4.21
                0x0000000000002280                std::__cxx11::basic_string<char, std::char_traits<char>, std::allocator<char> >::_M_capacity(unsigned long)@@GLIBCXX_3.4.21
                0x0000000000002290                std::__cxx11::basic_string<char, std::char_traits<char>, std::allocator<char> >::operator[](unsigned long)@@GLIBCXX_3.4.21
 *(.iplt)

.plt.got        0x00000000000022a0        0x0
 *(.plt.got)
 .plt.got       0x00000000000022a0        0x0 /usr/lib/gcc/x86_64-pc-linux-gnu/11.1.0/../../../../lib/Scrt1.o

.plt.sec
 *(.plt.sec)

.text           0x00000000000022a0     0x47d5
 *(.text.unlikely .text.*_unlikely .text.unlikely.*)
 *(.text.exit .text.exit.*)
 *(.text.startup .text.startup.*)
 *(.text.hot .text.hot.*)
 *(SORT_BY_NAME(.text.sorted.*))
 *(.text .stub .text.* .gnu.linkonce.t.*)
 .text          0x00000000000022a0       0x2f /usr/lib/gcc/x86_64-pc-linux-gnu/11.1.0/../../../../lib/Scrt1.o
                0x00000000000022a0                _start
 .text          0x00000000000022cf        0x0 /usr/lib/gcc/x86_64-pc-linux-gnu/11.1.0/../../../../lib/crti.o
 *fill*         0x00000000000022cf        0x1 
 .text          0x00000000000022d0       0xc9 /usr/lib/gcc/x86_64-pc-linux-gnu/11.1.0/crtbeginS.o
 *fill*         0x0000000000002399        0x1 
 .text          0x000000000000239a      0x894 obj/encryptedMessage.o
                0x000000000000239a                encryptedMessage::setEncodedMessage(std::__cxx11::basic_string<char, std::char_traits<char>, std::allocator<char> >)
                0x0000000000002476                encryptedMessage::decodeMessage(std::vector<unsigned char, std::allocator<unsigned char> >)
                0x0000000000002748                encryptedMessage::getDecodedMessage[abi:cxx11]()
                0x0000000000002816                main
 .text._ZnwmPv  0x0000000000002c2e       0x12 obj/encryptedMessage.o
                0x0000000000002c2e                operator new(unsigned long, void*)
 .text._ZNSt11char_traitsIcE6assignERcRKc
                0x0000000000002c40       0x1c obj/encryptedMessage.o
                0x0000000000002c40                std::char_traits<char>::assign(char&, char const&)
 .text._ZNSt11char_traitsIcE6lengthEPKc
                0x0000000000002c5c       0x3a obj/encryptedMessage.o
                0x0000000000002c5c                std::char_traits<char>::length(char const*)
 .text._ZNSt12_Vector_baseIhSaIhEE12_Vector_implD2Ev
                0x0000000000002c96       0x1b obj/encryptedMessage.o
                0x0000000000002c96                std::_Vector_base<unsigned char, std::allocator<unsigned char> >::_Vector_impl::~_Vector_impl()
                0x0000000000002c96                std::_Vector_base<unsigned char, std::allocator<unsigned char> >::_Vector_impl::~_Vector_impl()
 *fill*         0x0000000000002cb1        0x1 
 .text._ZNSt12_Vector_baseIhSaIhEEC2Ev
                0x0000000000002cb2       0x1b obj/encryptedMessage.o
                0x0000000000002cb2                std::_Vector_base<unsigned char, std::allocator<unsigned char> >::_Vector_base()
                0x0000000000002cb2                std::_Vector_base<unsigned char, std::allocator<unsigned char> >::_Vector_base()
 *fill*         0x0000000000002ccd        0x1 
 .text._ZNSt6vectorIhSaIhEEC2Ev
                0x0000000000002cce       0x1b obj/encryptedMessage.o
                0x0000000000002cce                std::vector<unsigned char, std::allocator<unsigned char> >::vector()
                0x0000000000002cce                std::vector<unsigned char, std::allocator<unsigned char> >::vector()
 .text._ZN9__gnu_cxx14__alloc_traitsISaIhEhE15_S_always_equalEv
                0x0000000000002ce9        0xb obj/encryptedMessage.o
                0x0000000000002ce9                __gnu_cxx::__alloc_traits<std::allocator<unsigned char>, unsigned char>::_S_always_equal()
 .text._ZN16encryptedMessageC2Ev
                0x0000000000002cf4       0x2b obj/encryptedMessage.o
                0x0000000000002cf4                encryptedMessage::encryptedMessage()
                0x0000000000002cf4                encryptedMessage::encryptedMessage()
 *fill*         0x0000000000002d1f        0x1 
 .text._ZN16encryptedMessageD2Ev
                0x0000000000002d20       0x2b obj/encryptedMessage.o
                0x0000000000002d20                encryptedMessage::~encryptedMessage()
                0x0000000000002d20                encryptedMessage::~encryptedMessage()
 .text._ZN9__gnu_cxx11char_traitsIcE2eqERKcS3_
                0x0000000000002d4b       0x21 obj/encryptedMessage.o
                0x0000000000002d4b                __gnu_cxx::char_traits<char>::eq(char const&, char const&)
 .text._ZN9__gnu_cxx11char_traitsIcE6lengthEPKc
                0x0000000000002d6c       0x69 obj/encryptedMessage.o
                0x0000000000002d6c                __gnu_cxx::char_traits<char>::length(char const*)
 *fill*         0x0000000000002dd5        0x1 
 .text._ZNSt7__cxx1112basic_stringIcSt11char_traitsIcESaIcEE12_Alloc_hiderD2Ev
                0x0000000000002dd6       0x1b obj/encryptedMessage.o
                0x0000000000002dd6                std::__cxx11::basic_string<char, std::char_traits<char>, std::allocator<char> >::_Alloc_hider::~_Alloc_hider()
                0x0000000000002dd6                std::__cxx11::basic_string<char, std::char_traits<char>, std::allocator<char> >::_Alloc_hider::~_Alloc_hider()
 *fill*         0x0000000000002df1        0x1 
 .text._ZNSaIhEC2Ev
                0x0000000000002df2       0x1b obj/encryptedMessage.o
                0x0000000000002df2                std::allocator<unsigned char>::allocator()
                0x0000000000002df2                std::allocator<unsigned char>::allocator()
 *fill*         0x0000000000002e0d        0x1 
 .text._ZNSaIhED2Ev
                0x0000000000002e0e       0x1b obj/encryptedMessage.o
                0x0000000000002e0e                std::allocator<unsigned char>::~allocator()
                0x0000000000002e0e                std::allocator<unsigned char>::~allocator()
 *fill*         0x0000000000002e29        0x1 
 .text._ZNSt6vectorIhSaIhEEC2IN9__gnu_cxx17__normal_iteratorIPcNSt7__cxx1112basic_stringIcSt11char_traitsIcESaIcEEEEEvEET_SD_RKS0_
                0x0000000000002e2a       0x94 obj/encryptedMessage.o
                0x0000000000002e2a                std::vector<unsigned char, std::allocator<unsigned char> >::vector<__gnu_cxx::__normal_iterator<char*, std::__cxx11::basic_string<char, std::char_traits<char>, std::allocator<char> > >, void>(__gnu_cxx::__normal_iterator<char*, std::__cxx11::basic_string<char, std::char_traits<char>, std::allocator<char> > >, __gnu_cxx::__normal_iterator<char*, std::__cxx11::basic_string<char, std::char_traits<char>, std::allocator<char> > >, std::allocator<unsigned char> const&)
                0x0000000000002e2a                std::vector<unsigned char, std::allocator<unsigned char> >::vector<__gnu_cxx::__normal_iterator<char*, std::__cxx11::basic_string<char, std::char_traits<char>, std::allocator<char> > >, void>(__gnu_cxx::__normal_iterator<char*, std::__cxx11::basic_string<char, std::char_traits<char>, std::allocator<char> > >, __gnu_cxx::__normal_iterator<char*, std::__cxx11::basic_string<char, std::char_traits<char>, std::allocator<char> > >, std::allocator<unsigned char> const&)
 .text._ZNSt6vectorIhSaIhEED2Ev
                0x0000000000002ebe       0x44 obj/encryptedMessage.o
                0x0000000000002ebe                std::vector<unsigned char, std::allocator<unsigned char> >::~vector()
                0x0000000000002ebe                std::vector<unsigned char, std::allocator<unsigned char> >::~vector()
 .text._ZN9__gnu_cxx14__alloc_traitsISaIhEhE27_S_propagate_on_copy_assignEv
                0x0000000000002f02        0xb obj/encryptedMessage.o
                0x0000000000002f02                __gnu_cxx::__alloc_traits<std::allocator<unsigned char>, unsigned char>::_S_propagate_on_copy_assign()
 *fill*         0x0000000000002f0d        0x1 
 .text._ZNSt6vectorIhSaIhEEaSERKS1_
                0x0000000000002f0e      0x2fb obj/encryptedMessage.o
                0x0000000000002f0e                std::vector<unsigned char, std::allocator<unsigned char> >::operator=(std::vector<unsigned char, std::allocator<unsigned char> > const&)
 *fill*         0x0000000000003209        0x1 
 .text._ZNSt12_Vector_baseIhSaIhEE12_Vector_implC2Ev
                0x000000000000320a       0x27 obj/encryptedMessage.o
                0x000000000000320a                std::_Vector_base<unsigned char, std::allocator<unsigned char> >::_Vector_impl::_Vector_impl()
                0x000000000000320a                std::_Vector_base<unsigned char, std::allocator<unsigned char> >::_Vector_impl::_Vector_impl()
 *fill*         0x0000000000003231        0x1 
 .text._ZNSt12_Vector_baseIhSaIhEED2Ev
                0x0000000000003232       0x49 obj/encryptedMessage.o
                0x0000000000003232                std::_Vector_base<unsigned char, std::allocator<unsigned char> >::~_Vector_base()
                0x0000000000003232                std::_Vector_base<unsigned char, std::allocator<unsigned char> >::~_Vector_base()
 *fill*         0x000000000000327b        0x1 
 .text._ZNSt6vectorIhSaIhEEC2ERKS1_
                0x000000000000327c      0x113 obj/encryptedMessage.o
                0x000000000000327c                std::vector<unsigned char, std::allocator<unsigned char> >::vector(std::vector<unsigned char, std::allocator<unsigned char> > const&)
                0x000000000000327c                std::vector<unsigned char, std::allocator<unsigned char> >::vector(std::vector<unsigned char, std::allocator<unsigned char> > const&)
 *fill*         0x000000000000338f        0x1 
 .text._ZNSt6vectorIhSaIhEEaSEOS1_
                0x0000000000003390       0x38 obj/encryptedMessage.o
                0x0000000000003390                std::vector<unsigned char, std::allocator<unsigned char> >::operator=(std::vector<unsigned char, std::allocator<unsigned char> >&&)
 .text._ZNKSt6vectorIhSaIhEE4sizeEv
                0x00000000000033c8       0x1f obj/encryptedMessage.o
                0x00000000000033c8                std::vector<unsigned char, std::allocator<unsigned char> >::size() const
 *fill*         0x00000000000033e7        0x1 
 .text._ZNSt6vectorIhSaIhEEixEm
                0x00000000000033e8       0x1c obj/encryptedMessage.o
                0x00000000000033e8                std::vector<unsigned char, std::allocator<unsigned char> >::operator[](unsigned long)
 .text._ZNSt6vectorIhSaIhEE9push_backEOh
                0x0000000000003404       0x31 obj/encryptedMessage.o
                0x0000000000003404                std::vector<unsigned char, std::allocator<unsigned char> >::push_back(unsigned char&&)
 *fill*         0x0000000000003435        0x1 
 .text._ZNSt6vectorIhSaIhEE5beginEv
                0x0000000000003436       0x48 obj/encryptedMessage.o
                0x0000000000003436                std::vector<unsigned char, std::allocator<unsigned char> >::begin()
 .text._ZNSt6vectorIhSaIhEE3endEv
                0x000000000000347e       0x4c obj/encryptedMessage.o
                0x000000000000347e                std::vector<unsigned char, std::allocator<unsigned char> >::end()
 .text._ZNSt7__cxx1112basic_stringIcSt11char_traitsIcESaIcEEC2IN9__gnu_cxx17__normal_iteratorIPhSt6vectorIhSaIhEEEEvEET_SD_RKS3_
                0x00000000000034ca       0x77 obj/encryptedMessage.o
                0x00000000000034ca                std::__cxx11::basic_string<char, std::char_traits<char>, std::allocator<char> >::basic_string<__gnu_cxx::__normal_iterator<unsigned char*, std::vector<unsigned char, std::allocator<unsigned char> > >, void>(__gnu_cxx::__normal_iterator<unsigned char*, std::vector<unsigned char, std::allocator<unsigned char> > >, __gnu_cxx::__normal_iterator<unsigned char*, std::vector<unsigned char, std::allocator<unsigned char> > >, std::allocator<char> const&)
                0x00000000000034ca                std::__cxx11::basic_string<char, std::char_traits<char>, std::allocator<char> >::basic_string<__gnu_cxx::__normal_iterator<unsigned char*, std::vector<unsigned char, std::allocator<unsigned char> > >, void>(__gnu_cxx::__normal_iterator<unsigned char*, std::vector<unsigned char, std::allocator<unsigned char> > >, __gnu_cxx::__normal_iterator<unsigned char*, std::vector<unsigned char, std::allocator<unsigned char> > >, std::allocator<char> const&)
 *fill*         0x0000000000003541        0x1 
 .text._ZNSt7__cxx1112basic_stringIcSt11char_traitsIcESaIcEEC2IS3_EEPKcRKS3_
                0x0000000000003542       0x93 obj/encryptedMessage.o
                0x0000000000003542                std::__cxx11::basic_string<char, std::char_traits<char>, std::allocator<char> >::basic_string<std::allocator<char> >(char const*, std::allocator<char> const&)
                0x0000000000003542                std::__cxx11::basic_string<char, std::char_traits<char>, std::allocator<char> >::basic_string<std::allocator<char> >(char const*, std::allocator<char> const&)
 *fill*         0x00000000000035d5        0x1 
 .text._ZNSt7__cxx1112basic_stringIcSt11char_traitsIcESaIcEE12_M_constructIPKcEEvT_S8_
                0x00000000000035d6       0x2e obj/encryptedMessage.o
                0x00000000000035d6                void std::__cxx11::basic_string<char, std::char_traits<char>, std::allocator<char> >::_M_construct<char const*>(char const*, char const*)
 .text._ZN9__gnu_cxx13new_allocatorIhEC2Ev
                0x0000000000003604        0xb obj/encryptedMessage.o
                0x0000000000003604                __gnu_cxx::new_allocator<unsigned char>::new_allocator()
                0x0000000000003604                __gnu_cxx::new_allocator<unsigned char>::new_allocator()
 *fill*         0x000000000000360f        0x1 
 .text._ZN9__gnu_cxx13new_allocatorIhED2Ev
                0x0000000000003610        0xb obj/encryptedMessage.o
                0x0000000000003610                __gnu_cxx::new_allocator<unsigned char>::~new_allocator()
                0x0000000000003610                __gnu_cxx::new_allocator<unsigned char>::~new_allocator()
 *fill*         0x000000000000361b        0x1 
 .text._ZNSt12_Vector_baseIhSaIhEEC2ERKS0_
                0x000000000000361c       0x26 obj/encryptedMessage.o
                0x000000000000361c                std::_Vector_base<unsigned char, std::allocator<unsigned char> >::_Vector_base(std::allocator<unsigned char> const&)
                0x000000000000361c                std::_Vector_base<unsigned char, std::allocator<unsigned char> >::_Vector_base(std::allocator<unsigned char> const&)
 .text._ZSt19__iterator_categoryIN9__gnu_cxx17__normal_iteratorIPcNSt7__cxx1112basic_stringIcSt11char_traitsIcESaIcEEEEEENSt15iterator_traitsIT_E17iterator_categoryERKSB_
                0x0000000000003642        0xa obj/encryptedMessage.o
                0x0000000000003642                std::iterator_traits<__gnu_cxx::__normal_iterator<char*, std::__cxx11::basic_string<char, std::char_traits<char>, std::allocator<char> > > >::iterator_category std::__iterator_category<__gnu_cxx::__normal_iterator<char*, std::__cxx11::basic_string<char, std::char_traits<char>, std::allocator<char> > > >(__gnu_cxx::__normal_iterator<char*, std::__cxx11::basic_string<char, std::char_traits<char>, std::allocator<char> > > const&)
 .text._ZSt8distanceIN9__gnu_cxx17__normal_iteratorIPcNSt7__cxx1112basic_stringIcSt11char_traitsIcESaIcEEEEEENSt15iterator_traitsIT_E15difference_typeESB_SB_
                0x000000000000364c       0x31 obj/encryptedMessage.o
                0x000000000000364c                std::iterator_traits<__gnu_cxx::__normal_iterator<char*, std::__cxx11::basic_string<char, std::char_traits<char>, std::allocator<char> > > >::difference_type std::distance<__gnu_cxx::__normal_iterator<char*, std::__cxx11::basic_string<char, std::char_traits<char>, std::allocator<char> > > >(__gnu_cxx::__normal_iterator<char*, std::__cxx11::basic_string<char, std::char_traits<char>, std::allocator<char> > >, __gnu_cxx::__normal_iterator<char*, std::__cxx11::basic_string<char, std::char_traits<char>, std::allocator<char> > >)
 *fill*         0x000000000000367d        0x1 
 .text._ZNSt6vectorIhSaIhEE19_M_range_initializeIN9__gnu_cxx17__normal_iteratorIPcNSt7__cxx1112basic_stringIcSt11char_traitsIcESaIcEEEEEEEvT_SD_St20forward_iterator_tag
                0x000000000000367e       0xab obj/encryptedMessage.o
                0x000000000000367e                void std::vector<unsigned char, std::allocator<unsigned char> >::_M_range_initialize<__gnu_cxx::__normal_iterator<char*, std::__cxx11::basic_string<char, std::char_traits<char>, std::allocator<char> > > >(__gnu_cxx::__normal_iterator<char*, std::__cxx11::basic_string<char, std::char_traits<char>, std::allocator<char> > >, __gnu_cxx::__normal_iterator<char*, std::__cxx11::basic_string<char, std::char_traits<char>, std::allocator<char> > >, std::forward_iterator_tag)
 *fill*         0x0000000000003729        0x1 
 .text._ZNSt12_Vector_baseIhSaIhEE19_M_get_Tp_allocatorEv
                0x000000000000372a        0xe obj/encryptedMessage.o
                0x000000000000372a                std::_Vector_base<unsigned char, std::allocator<unsigned char> >::_M_get_Tp_allocator()
 .text._ZSt8_DestroyIPhhEvT_S1_RSaIT0_E
                0x0000000000003738       0x2a obj/encryptedMessage.o
                0x0000000000003738                void std::_Destroy<unsigned char*, unsigned char>(unsigned char*, unsigned char*, std::allocator<unsigned char>&)
 .text._ZNKSt12_Vector_baseIhSaIhEE19_M_get_Tp_allocatorEv
                0x0000000000003762        0xe obj/encryptedMessage.o
                0x0000000000003762                std::_Vector_base<unsigned char, std::allocator<unsigned char> >::_M_get_Tp_allocator() const
 .text._ZStneRKSaIhES1_
                0x0000000000003770       0x13 obj/encryptedMessage.o
                0x0000000000003770                std::operator!=(std::allocator<unsigned char> const&, std::allocator<unsigned char> const&)
 *fill*         0x0000000000003783        0x1 
 .text._ZNSt6vectorIhSaIhEE5clearEv
                0x0000000000003784       0x25 obj/encryptedMessage.o
                0x0000000000003784                std::vector<unsigned char, std::allocator<unsigned char> >::clear()
 *fill*         0x00000000000037a9        0x1 
 .text._ZNSt12_Vector_baseIhSaIhEE13_M_deallocateEPhm
                0x00000000000037aa       0x35 obj/encryptedMessage.o
                0x00000000000037aa                std::_Vector_base<unsigned char, std::allocator<unsigned char> >::_M_deallocate(unsigned char*, unsigned long)
 .text._ZSt15__alloc_on_copyISaIhEEvRT_RKS1_
                0x00000000000037df        0xf obj/encryptedMessage.o
                0x00000000000037df                void std::__alloc_on_copy<std::allocator<unsigned char> >(std::allocator<unsigned char>&, std::allocator<unsigned char> const&)
 .text._ZNKSt6vectorIhSaIhEE8capacityEv
                0x00000000000037ee       0x1f obj/encryptedMessage.o
                0x00000000000037ee                std::vector<unsigned char, std::allocator<unsigned char> >::capacity() const
 *fill*         0x000000000000380d        0x1 
 .text._ZNKSt6vectorIhSaIhEE5beginEv
                0x000000000000380e       0x48 obj/encryptedMessage.o
                0x000000000000380e                std::vector<unsigned char, std::allocator<unsigned char> >::begin() const
 .text._ZNKSt6vectorIhSaIhEE3endEv
                0x0000000000003856       0x4c obj/encryptedMessage.o
                0x0000000000003856                std::vector<unsigned char, std::allocator<unsigned char> >::end() const
 .text._ZNSt6vectorIhSaIhEE20_M_allocate_and_copyIN9__gnu_cxx17__normal_iteratorIPKhS1_EEEEPhmT_S9_
                0x00000000000038a2       0x96 obj/encryptedMessage.o
                0x00000000000038a2                unsigned char* std::vector<unsigned char, std::allocator<unsigned char> >::_M_allocate_and_copy<__gnu_cxx::__normal_iterator<unsigned char const*, std::vector<unsigned char, std::allocator<unsigned char> > > >(unsigned long, __gnu_cxx::__normal_iterator<unsigned char const*, std::vector<unsigned char, std::allocator<unsigned char> > >, __gnu_cxx::__normal_iterator<unsigned char const*, std::vector<unsigned char, std::allocator<unsigned char> > >)
 .text._ZSt4copyIN9__gnu_cxx17__normal_iteratorIPKhSt6vectorIhSaIhEEEENS1_IPhS6_EEET0_T_SB_SA_
                0x0000000000003938       0x4b obj/encryptedMessage.o
                0x0000000000003938                __gnu_cxx::__normal_iterator<unsigned char*, std::vector<unsigned char, std::allocator<unsigned char> > > std::copy<__gnu_cxx::__normal_iterator<unsigned char const*, std::vector<unsigned char, std::allocator<unsigned char> > >, __gnu_cxx::__normal_iterator<unsigned char*, std::vector<unsigned char, std::allocator<unsigned char> > > >(__gnu_cxx::__normal_iterator<unsigned char const*, std::vector<unsigned char, std::allocator<unsigned char> > >, __gnu_cxx::__normal_iterator<unsigned char const*, std::vector<unsigned char, std::allocator<unsigned char> > >, __gnu_cxx::__normal_iterator<unsigned char*, std::vector<unsigned char, std::allocator<unsigned char> > >)
 .text._ZSt8_DestroyIN9__gnu_cxx17__normal_iteratorIPhSt6vectorIhSaIhEEEEhEvT_S7_RSaIT0_E
                0x0000000000003983       0x2a obj/encryptedMessage.o
                0x0000000000003983                void std::_Destroy<__gnu_cxx::__normal_iterator<unsigned char*, std::vector<unsigned char, std::allocator<unsigned char> > >, unsigned char>(__gnu_cxx::__normal_iterator<unsigned char*, std::vector<unsigned char, std::allocator<unsigned char> > >, __gnu_cxx::__normal_iterator<unsigned char*, std::vector<unsigned char, std::allocator<unsigned char> > >, std::allocator<unsigned char>&)
 .text._ZSt4copyIPhS0_ET0_T_S2_S1_
                0x00000000000039ad       0x4b obj/encryptedMessage.o
                0x00000000000039ad                unsigned char* std::copy<unsigned char*, unsigned char*>(unsigned char*, unsigned char*, unsigned char*)
 .text._ZSt22__uninitialized_copy_aIPhS0_hET0_T_S2_S1_RSaIT1_E
                0x00000000000039f8       0x31 obj/encryptedMessage.o
                0x00000000000039f8                unsigned char* std::__uninitialized_copy_a<unsigned char*, unsigned char*, unsigned char>(unsigned char*, unsigned char*, unsigned char*, std::allocator<unsigned char>&)
 *fill*         0x0000000000003a29        0x1 
 .text._ZNSt12_Vector_baseIhSaIhEE17_Vector_impl_dataC2Ev
                0x0000000000003a2a       0x2e obj/encryptedMessage.o
                0x0000000000003a2a                std::_Vector_base<unsigned char, std::allocator<unsigned char> >::_Vector_impl_data::_Vector_impl_data()
                0x0000000000003a2a                std::_Vector_base<unsigned char, std::allocator<unsigned char> >::_Vector_impl_data::_Vector_impl_data()
 .text._ZN9__gnu_cxx14__alloc_traitsISaIhEhE17_S_select_on_copyERKS1_
                0x0000000000003a58       0x4c obj/encryptedMessage.o
                0x0000000000003a58                __gnu_cxx::__alloc_traits<std::allocator<unsigned char>, unsigned char>::_S_select_on_copy(std::allocator<unsigned char> const&)
 .text._ZNSt12_Vector_baseIhSaIhEEC2EmRKS0_
                0x0000000000003aa4       0x5d obj/encryptedMessage.o
                0x0000000000003aa4                std::_Vector_base<unsigned char, std::allocator<unsigned char> >::_Vector_base(unsigned long, std::allocator<unsigned char> const&)
                0x0000000000003aa4                std::_Vector_base<unsigned char, std::allocator<unsigned char> >::_Vector_base(unsigned long, std::allocator<unsigned char> const&)
 .text._ZSt22__uninitialized_copy_aIN9__gnu_cxx17__normal_iteratorIPKhSt6vectorIhSaIhEEEEPhhET0_T_SA_S9_RSaIT1_E
                0x0000000000003b01       0x31 obj/encryptedMessage.o
                0x0000000000003b01                unsigned char* std::__uninitialized_copy_a<__gnu_cxx::__normal_iterator<unsigned char const*, std::vector<unsigned char, std::allocator<unsigned char> > >, unsigned char*, unsigned char>(__gnu_cxx::__normal_iterator<unsigned char const*, std::vector<unsigned char, std::allocator<unsigned char> > >, __gnu_cxx::__normal_iterator<unsigned char const*, std::vector<unsigned char, std::allocator<unsigned char> > >, unsigned char*, std::allocator<unsigned char>&)
 .text._ZSt4moveIRSt6vectorIhSaIhEEEONSt16remove_referenceIT_E4typeEOS5_
                0x0000000000003b32        0xe obj/encryptedMessage.o
                0x0000000000003b32                std::remove_reference<std::vector<unsigned char, std::allocator<unsigned char> >&>::type&& std::move<std::vector<unsigned char, std::allocator<unsigned char> >&>(std::vector<unsigned char, std::allocator<unsigned char> >&)
 .text._ZNSt6vectorIhSaIhEE14_M_move_assignEOS1_St17integral_constantIbLb1EE
                0x0000000000003b40       0xc4 obj/encryptedMessage.o
                0x0000000000003b40                std::vector<unsigned char, std::allocator<unsigned char> >::_M_move_assign(std::vector<unsigned char, std::allocator<unsigned char> >&&, std::integral_constant<bool, true>)
 .text._ZSt4moveIRhEONSt16remove_referenceIT_E4typeEOS2_
                0x0000000000003c04        0xe obj/encryptedMessage.o
                0x0000000000003c04                std::remove_reference<unsigned char&>::type&& std::move<unsigned char&>(unsigned char&)
 .text._ZNSt6vectorIhSaIhEE12emplace_backIJhEEERhDpOT_
                0x0000000000003c12       0xa4 obj/encryptedMessage.o
                0x0000000000003c12                unsigned char& std::vector<unsigned char, std::allocator<unsigned char> >::emplace_back<unsigned char>(unsigned char&&)
 .text._ZN9__gnu_cxx17__normal_iteratorIPhSt6vectorIhSaIhEEEC2ERKS1_
                0x0000000000003cb6       0x1d obj/encryptedMessage.o
                0x0000000000003cb6                __gnu_cxx::__normal_iterator<unsigned char*, std::vector<unsigned char, std::allocator<unsigned char> > >::__normal_iterator(unsigned char* const&)
                0x0000000000003cb6                __gnu_cxx::__normal_iterator<unsigned char*, std::vector<unsigned char, std::allocator<unsigned char> > >::__normal_iterator(unsigned char* const&)
 *fill*         0x0000000000003cd3        0x1 
 .text._ZNSt7__cxx1112basic_stringIcSt11char_traitsIcESaIcEE12_M_constructIN9__gnu_cxx17__normal_iteratorIPhSt6vectorIhSaIhEEEEEEvT_SD_
                0x0000000000003cd4       0x2e obj/encryptedMessage.o
                0x0000000000003cd4                void std::__cxx11::basic_string<char, std::char_traits<char>, std::allocator<char> >::_M_construct<__gnu_cxx::__normal_iterator<unsigned char*, std::vector<unsigned char, std::allocator<unsigned char> > > >(__gnu_cxx::__normal_iterator<unsigned char*, std::vector<unsigned char, std::allocator<unsigned char> > >, __gnu_cxx::__normal_iterator<unsigned char*, std::vector<unsigned char, std::allocator<unsigned char> > >)
 .text._ZNSt7__cxx1112basic_stringIcSt11char_traitsIcESaIcEE16_M_construct_auxIPKcEEvT_S8_St12__false_type
                0x0000000000003d02       0x51 obj/encryptedMessage.o
                0x0000000000003d02                void std::__cxx11::basic_string<char, std::char_traits<char>, std::allocator<char> >::_M_construct_aux<char const*>(char const*, char const*, std::__false_type)
 *fill*         0x0000000000003d53        0x1 
 .text._ZNSt12_Vector_baseIhSaIhEE12_Vector_implC2ERKS0_
                0x0000000000003d54       0x32 obj/encryptedMessage.o
                0x0000000000003d54                std::_Vector_base<unsigned char, std::allocator<unsigned char> >::_Vector_impl::_Vector_impl(std::allocator<unsigned char> const&)
                0x0000000000003d54                std::_Vector_base<unsigned char, std::allocator<unsigned char> >::_Vector_impl::_Vector_impl(std::allocator<unsigned char> const&)
 .text._ZSt10__distanceIN9__gnu_cxx17__normal_iteratorIPcNSt7__cxx1112basic_stringIcSt11char_traitsIcESaIcEEEEEENSt15iterator_traitsIT_E15difference_typeESB_SB_St26random_access_iterator_tag
                0x0000000000003d86       0x25 obj/encryptedMessage.o
                0x0000000000003d86                std::iterator_traits<__gnu_cxx::__normal_iterator<char*, std::__cxx11::basic_string<char, std::char_traits<char>, std::allocator<char> > > >::difference_type std::__distance<__gnu_cxx::__normal_iterator<char*, std::__cxx11::basic_string<char, std::char_traits<char>, std::allocator<char> > > >(__gnu_cxx::__normal_iterator<char*, std::__cxx11::basic_string<char, std::char_traits<char>, std::allocator<char> > >, __gnu_cxx::__normal_iterator<char*, std::__cxx11::basic_string<char, std::char_traits<char>, std::allocator<char> > >, std::random_access_iterator_tag)
 .text._ZNSt6vectorIhSaIhEE17_S_check_init_lenEmRKS0_
                0x0000000000003dab       0x83 obj/encryptedMessage.o
                0x0000000000003dab                std::vector<unsigned char, std::allocator<unsigned char> >::_S_check_init_len(unsigned long, std::allocator<unsigned char> const&)
 .text._ZNSt12_Vector_baseIhSaIhEE11_M_allocateEm
                0x0000000000003e2e       0x33 obj/encryptedMessage.o
                0x0000000000003e2e                std::_Vector_base<unsigned char, std::allocator<unsigned char> >::_M_allocate(unsigned long)
 .text._ZSt22__uninitialized_copy_aIN9__gnu_cxx17__normal_iteratorIPcNSt7__cxx1112basic_stringIcSt11char_traitsIcESaIcEEEEEPhhET0_T_SC_SB_RSaIT1_E
                0x0000000000003e61       0x31 obj/encryptedMessage.o
                0x0000000000003e61                unsigned char* std::__uninitialized_copy_a<__gnu_cxx::__normal_iterator<char*, std::__cxx11::basic_string<char, std::char_traits<char>, std::allocator<char> > >, unsigned char*, unsigned char>(__gnu_cxx::__normal_iterator<char*, std::__cxx11::basic_string<char, std::char_traits<char>, std::allocator<char> > >, __gnu_cxx::__normal_iterator<char*, std::__cxx11::basic_string<char, std::char_traits<char>, std::allocator<char> > >, unsigned char*, std::allocator<unsigned char>&)
 .text._ZSt8_DestroyIPhEvT_S1_
                0x0000000000003e92       0x26 obj/encryptedMessage.o
                0x0000000000003e92                void std::_Destroy<unsigned char*>(unsigned char*, unsigned char*)
 .text._ZNSt6vectorIhSaIhEE15_M_erase_at_endEPh
                0x0000000000003eb8       0x5c obj/encryptedMessage.o
                0x0000000000003eb8                std::vector<unsigned char, std::allocator<unsigned char> >::_M_erase_at_end(unsigned char*)
 .text._ZNSt16allocator_traitsISaIhEE10deallocateERS0_Phm
                0x0000000000003f14       0x2e obj/encryptedMessage.o
                0x0000000000003f14                std::allocator_traits<std::allocator<unsigned char> >::deallocate(std::allocator<unsigned char>&, unsigned char*, unsigned long)
 .text._ZN9__gnu_cxx17__normal_iteratorIPKhSt6vectorIhSaIhEEEC2ERKS2_
                0x0000000000003f42       0x1d obj/encryptedMessage.o
                0x0000000000003f42                __gnu_cxx::__normal_iterator<unsigned char const*, std::vector<unsigned char, std::allocator<unsigned char> > >::__normal_iterator(unsigned char const* const&)
                0x0000000000003f42                __gnu_cxx::__normal_iterator<unsigned char const*, std::vector<unsigned char, std::allocator<unsigned char> > >::__normal_iterator(unsigned char const* const&)
 .text._ZSt12__miter_baseIN9__gnu_cxx17__normal_iteratorIPKhSt6vectorIhSaIhEEEEET_S8_
                0x0000000000003f5f        0xe obj/encryptedMessage.o
                0x0000000000003f5f                __gnu_cxx::__normal_iterator<unsigned char const*, std::vector<unsigned char, std::allocator<unsigned char> > > std::__miter_base<__gnu_cxx::__normal_iterator<unsigned char const*, std::vector<unsigned char, std::allocator<unsigned char> > > >(__gnu_cxx::__normal_iterator<unsigned char const*, std::vector<unsigned char, std::allocator<unsigned char> > >)
 .text._ZSt13__copy_move_aILb0EN9__gnu_cxx17__normal_iteratorIPKhSt6vectorIhSaIhEEEENS1_IPhS6_EEET1_T0_SB_SA_
                0x0000000000003f6d       0x6a obj/encryptedMessage.o
                0x0000000000003f6d                __gnu_cxx::__normal_iterator<unsigned char*, std::vector<unsigned char, std::allocator<unsigned char> > > std::__copy_move_a<false, __gnu_cxx::__normal_iterator<unsigned char const*, std::vector<unsigned char, std::allocator<unsigned char> > >, __gnu_cxx::__normal_iterator<unsigned char*, std::vector<unsigned char, std::allocator<unsigned char> > > >(__gnu_cxx::__normal_iterator<unsigned char const*, std::vector<unsigned char, std::allocator<unsigned char> > >, __gnu_cxx::__normal_iterator<unsigned char const*, std::vector<unsigned char, std::allocator<unsigned char> > >, __gnu_cxx::__normal_iterator<unsigned char*, std::vector<unsigned char, std::allocator<unsigned char> > >)
 .text._ZSt8_DestroyIN9__gnu_cxx17__normal_iteratorIPhSt6vectorIhSaIhEEEEEvT_S7_
                0x0000000000003fd7       0x26 obj/encryptedMessage.o
                0x0000000000003fd7                void std::_Destroy<__gnu_cxx::__normal_iterator<unsigned char*, std::vector<unsigned char, std::allocator<unsigned char> > > >(__gnu_cxx::__normal_iterator<unsigned char*, std::vector<unsigned char, std::allocator<unsigned char> > >, __gnu_cxx::__normal_iterator<unsigned char*, std::vector<unsigned char, std::allocator<unsigned char> > >)
 .text._ZSt12__miter_baseIPhET_S1_
                0x0000000000003ffd        0xe obj/encryptedMessage.o
                0x0000000000003ffd                unsigned char* std::__miter_base<unsigned char*>(unsigned char*)
 .text._ZSt13__copy_move_aILb0EPhS0_ET1_T0_S2_S1_
                0x000000000000400b       0x6a obj/encryptedMessage.o
                0x000000000000400b                unsigned char* std::__copy_move_a<false, unsigned char*, unsigned char*>(unsigned char*, unsigned char*, unsigned char*)
 .text._ZSt18uninitialized_copyIPhS0_ET0_T_S2_S1_
                0x0000000000004075       0x31 obj/encryptedMessage.o
                0x0000000000004075                unsigned char* std::uninitialized_copy<unsigned char*, unsigned char*>(unsigned char*, unsigned char*, unsigned char*)
 .text._ZNSt16allocator_traitsISaIhEE37select_on_container_copy_constructionERKS0_
                0x00000000000040a6       0x29 obj/encryptedMessage.o
                0x00000000000040a6                std::allocator_traits<std::allocator<unsigned char> >::select_on_container_copy_construction(std::allocator<unsigned char> const&)
 *fill*         0x00000000000040cf        0x1 
 .text._ZNSt12_Vector_baseIhSaIhEE17_M_create_storageEm
                0x00000000000040d0       0x52 obj/encryptedMessage.o
                0x00000000000040d0                std::_Vector_base<unsigned char, std::allocator<unsigned char> >::_M_create_storage(unsigned long)
 .text._ZSt18uninitialized_copyIN9__gnu_cxx17__normal_iteratorIPKhSt6vectorIhSaIhEEEEPhET0_T_SA_S9_
                0x0000000000004122       0x31 obj/encryptedMessage.o
                0x0000000000004122                unsigned char* std::uninitialized_copy<__gnu_cxx::__normal_iterator<unsigned char const*, std::vector<unsigned char, std::allocator<unsigned char> > >, unsigned char*>(__gnu_cxx::__normal_iterator<unsigned char const*, std::vector<unsigned char, std::allocator<unsigned char> > >, __gnu_cxx::__normal_iterator<unsigned char const*, std::vector<unsigned char, std::allocator<unsigned char> > >, unsigned char*)
 *fill*         0x0000000000004153        0x1 
 .text._ZNKSt12_Vector_baseIhSaIhEE13get_allocatorEv
                0x0000000000004154       0x34 obj/encryptedMessage.o
                0x0000000000004154                std::_Vector_base<unsigned char, std::allocator<unsigned char> >::get_allocator() const
 .text._ZNSt6vectorIhSaIhEEC2ERKS0_
                0x0000000000004188       0x26 obj/encryptedMessage.o
                0x0000000000004188                std::vector<unsigned char, std::allocator<unsigned char> >::vector(std::allocator<unsigned char> const&)
                0x0000000000004188                std::vector<unsigned char, std::allocator<unsigned char> >::vector(std::allocator<unsigned char> const&)
 .text._ZNSt12_Vector_baseIhSaIhEE17_Vector_impl_data12_M_swap_dataERS2_
                0x00000000000041ae       0x7b obj/encryptedMessage.o
                0x00000000000041ae                std::_Vector_base<unsigned char, std::allocator<unsigned char> >::_Vector_impl_data::_M_swap_data(std::_Vector_base<unsigned char, std::allocator<unsigned char> >::_Vector_impl_data&)
 .text._ZSt15__alloc_on_moveISaIhEEvRT_S2_
                0x0000000000004229       0x1f obj/encryptedMessage.o
                0x0000000000004229                void std::__alloc_on_move<std::allocator<unsigned char> >(std::allocator<unsigned char>&, std::allocator<unsigned char>&)
 .text._ZSt7forwardIhEOT_RNSt16remove_referenceIS0_E4typeE
                0x0000000000004248        0xe obj/encryptedMessage.o
                0x0000000000004248                unsigned char&& std::forward<unsigned char>(std::remove_reference<unsigned char>::type&)
 .text._ZNSt16allocator_traitsISaIhEE9constructIhJhEEEvRS0_PT_DpOT0_
                0x0000000000004256       0x39 obj/encryptedMessage.o
                0x0000000000004256                void std::allocator_traits<std::allocator<unsigned char> >::construct<unsigned char, unsigned char>(std::allocator<unsigned char>&, unsigned char*, unsigned char&&)
 *fill*         0x000000000000428f        0x1 
 .text._ZNSt6vectorIhSaIhEE17_M_realloc_insertIJhEEEvN9__gnu_cxx17__normal_iteratorIPhS1_EEDpOT_
                0x0000000000004290      0x1a1 obj/encryptedMessage.o
                0x0000000000004290                void std::vector<unsigned char, std::allocator<unsigned char> >::_M_realloc_insert<unsigned char>(__gnu_cxx::__normal_iterator<unsigned char*, std::vector<unsigned char, std::allocator<unsigned char> > >, unsigned char&&)
 *fill*         0x0000000000004431        0x1 
 .text._ZNSt6vectorIhSaIhEE4backEv
                0x0000000000004432       0x62 obj/encryptedMessage.o
                0x0000000000004432                std::vector<unsigned char, std::allocator<unsigned char> >::back()
 .text._ZNSt7__cxx1112basic_stringIcSt11char_traitsIcESaIcEE16_M_construct_auxIN9__gnu_cxx17__normal_iteratorIPhSt6vectorIhSaIhEEEEEEvT_SD_St12__false_type
                0x0000000000004494       0x51 obj/encryptedMessage.o
                0x0000000000004494                void std::__cxx11::basic_string<char, std::char_traits<char>, std::allocator<char> >::_M_construct_aux<__gnu_cxx::__normal_iterator<unsigned char*, std::vector<unsigned char, std::allocator<unsigned char> > > >(__gnu_cxx::__normal_iterator<unsigned char*, std::vector<unsigned char, std::allocator<unsigned char> > >, __gnu_cxx::__normal_iterator<unsigned char*, std::vector<unsigned char, std::allocator<unsigned char> > >, std::__false_type)
 .text._ZSt8distanceIPKcENSt15iterator_traitsIT_E15difference_typeES3_S3_
                0x00000000000044e5       0x31 obj/encryptedMessage.o
                0x00000000000044e5                std::iterator_traits<char const*>::difference_type std::distance<char const*>(char const*, char const*)
 .text._ZNSt7__cxx1112basic_stringIcSt11char_traitsIcESaIcEE12_M_constructIPKcEEvT_S8_St20forward_iterator_tag
                0x0000000000004516      0x139 obj/encryptedMessage.o
                0x0000000000004516                void std::__cxx11::basic_string<char, std::char_traits<char>, std::allocator<char> >::_M_construct<char const*>(char const*, char const*, std::forward_iterator_tag)
 *fill*         0x000000000000464f        0x1 
 .text._ZNSaIhEC2ERKS_
                0x0000000000004650       0x26 obj/encryptedMessage.o
                0x0000000000004650                std::allocator<unsigned char>::allocator(std::allocator<unsigned char> const&)
                0x0000000000004650                std::allocator<unsigned char>::allocator(std::allocator<unsigned char> const&)
 .text._ZN9__gnu_cxxmiIPcNSt7__cxx1112basic_stringIcSt11char_traitsIcESaIcEEEEENS_17__normal_iteratorIT_T0_E15difference_typeERKSB_SE_
                0x0000000000004676       0x3b obj/encryptedMessage.o
                0x0000000000004676                __gnu_cxx::__normal_iterator<char*, std::__cxx11::basic_string<char, std::char_traits<char>, std::allocator<char> > >::difference_type __gnu_cxx::operator-<char*, std::__cxx11::basic_string<char, std::char_traits<char>, std::allocator<char> > >(__gnu_cxx::__normal_iterator<char*, std::__cxx11::basic_string<char, std::char_traits<char>, std::allocator<char> > > const&, __gnu_cxx::__normal_iterator<char*, std::__cxx11::basic_string<char, std::char_traits<char>, std::allocator<char> > > const&)
 .text._ZNSt6vectorIhSaIhEE11_S_max_sizeERKS0_
                0x00000000000046b1       0x65 obj/encryptedMessage.o
                0x00000000000046b1                std::vector<unsigned char, std::allocator<unsigned char> >::_S_max_size(std::allocator<unsigned char> const&)
 .text._ZNSt16allocator_traitsISaIhEE8allocateERS0_m
                0x0000000000004716       0x2a obj/encryptedMessage.o
                0x0000000000004716                std::allocator_traits<std::allocator<unsigned char> >::allocate(std::allocator<unsigned char>&, unsigned long)
 .text._ZSt18uninitialized_copyIN9__gnu_cxx17__normal_iteratorIPcNSt7__cxx1112basic_stringIcSt11char_traitsIcESaIcEEEEEPhET0_T_SC_SB_
                0x0000000000004740       0x31 obj/encryptedMessage.o
                0x0000000000004740                unsigned char* std::uninitialized_copy<__gnu_cxx::__normal_iterator<char*, std::__cxx11::basic_string<char, std::char_traits<char>, std::allocator<char> > >, unsigned char*>(__gnu_cxx::__normal_iterator<char*, std::__cxx11::basic_string<char, std::char_traits<char>, std::allocator<char> > >, __gnu_cxx::__normal_iterator<char*, std::__cxx11::basic_string<char, std::char_traits<char>, std::allocator<char> > >, unsigned char*)
 .text._ZNSt12_Destroy_auxILb1EE9__destroyIPhEEvT_S3_
                0x0000000000004771        0xf obj/encryptedMessage.o
                0x0000000000004771                void std::_Destroy_aux<true>::__destroy<unsigned char*>(unsigned char*, unsigned char*)
 .text._ZN9__gnu_cxx13new_allocatorIhE10deallocateEPhm
                0x0000000000004780       0x29 obj/encryptedMessage.o
                0x0000000000004780                __gnu_cxx::new_allocator<unsigned char>::deallocate(unsigned char*, unsigned long)
 .text._ZSt12__niter_baseIPKhSt6vectorIhSaIhEEET_N9__gnu_cxx17__normal_iteratorIS5_T0_EE
                0x00000000000047a9       0x1d obj/encryptedMessage.o
                0x00000000000047a9                unsigned char const* std::__niter_base<unsigned char const*, std::vector<unsigned char, std::allocator<unsigned char> > >(__gnu_cxx::__normal_iterator<unsigned char const*, std::vector<unsigned char, std::allocator<unsigned char> > >)
 .text._ZSt12__niter_baseIPhSt6vectorIhSaIhEEET_N9__gnu_cxx17__normal_iteratorIS4_T0_EE
                0x00000000000047c6       0x1d obj/encryptedMessage.o
                0x00000000000047c6                unsigned char* std::__niter_base<unsigned char*, std::vector<unsigned char, std::allocator<unsigned char> > >(__gnu_cxx::__normal_iterator<unsigned char*, std::vector<unsigned char, std::allocator<unsigned char> > >)
 .text._ZSt14__copy_move_a1ILb0EPKhPhET1_T0_S4_S3_
                0x00000000000047e3       0x2d obj/encryptedMessage.o
                0x00000000000047e3                unsigned char* std::__copy_move_a1<false, unsigned char const*, unsigned char*>(unsigned char const*, unsigned char const*, unsigned char*)
 .text._ZSt12__niter_wrapIN9__gnu_cxx17__normal_iteratorIPhSt6vectorIhSaIhEEEES2_ET_S7_T0_
                0x0000000000004810       0x3a obj/encryptedMessage.o
                0x0000000000004810                __gnu_cxx::__normal_iterator<unsigned char*, std::vector<unsigned char, std::allocator<unsigned char> > > std::__niter_wrap<__gnu_cxx::__normal_iterator<unsigned char*, std::vector<unsigned char, std::allocator<unsigned char> > >, unsigned char*>(__gnu_cxx::__normal_iterator<unsigned char*, std::vector<unsigned char, std::allocator<unsigned char> > >, unsigned char*)
 .text._ZNSt12_Destroy_auxILb1EE9__destroyIN9__gnu_cxx17__normal_iteratorIPhSt6vectorIhSaIhEEEEEEvT_S9_
                0x000000000000484a        0xf obj/encryptedMessage.o
                0x000000000000484a                void std::_Destroy_aux<true>::__destroy<__gnu_cxx::__normal_iterator<unsigned char*, std::vector<unsigned char, std::allocator<unsigned char> > > >(__gnu_cxx::__normal_iterator<unsigned char*, std::vector<unsigned char, std::allocator<unsigned char> > >, __gnu_cxx::__normal_iterator<unsigned char*, std::vector<unsigned char, std::allocator<unsigned char> > >)
 .text._ZSt12__niter_baseIPhET_S1_
                0x0000000000004859        0xe obj/encryptedMessage.o
                0x0000000000004859                unsigned char* std::__niter_base<unsigned char*>(unsigned char*)
 .text._ZSt14__copy_move_a1ILb0EPhS0_ET1_T0_S2_S1_
                0x0000000000004867       0x2d obj/encryptedMessage.o
                0x0000000000004867                unsigned char* std::__copy_move_a1<false, unsigned char*, unsigned char*>(unsigned char*, unsigned char*, unsigned char*)
 .text._ZSt12__niter_wrapIPhET_RKS1_S1_
                0x0000000000004894       0x12 obj/encryptedMessage.o
                0x0000000000004894                unsigned char* std::__niter_wrap<unsigned char*>(unsigned char* const&, unsigned char*)
 .text._ZNSt20__uninitialized_copyILb1EE13__uninit_copyIPhS2_EET0_T_S4_S3_
                0x00000000000048a6       0x2d obj/encryptedMessage.o
                0x00000000000048a6                unsigned char* std::__uninitialized_copy<true>::__uninit_copy<unsigned char*, unsigned char*>(unsigned char*, unsigned char*, unsigned char*)
 .text._ZNSt20__uninitialized_copyILb1EE13__uninit_copyIN9__gnu_cxx17__normal_iteratorIPKhSt6vectorIhSaIhEEEEPhEET0_T_SC_SB_
                0x00000000000048d3       0x2d obj/encryptedMessage.o
                0x00000000000048d3                unsigned char* std::__uninitialized_copy<true>::__uninit_copy<__gnu_cxx::__normal_iterator<unsigned char const*, std::vector<unsigned char, std::allocator<unsigned char> > >, unsigned char*>(__gnu_cxx::__normal_iterator<unsigned char const*, std::vector<unsigned char, std::allocator<unsigned char> > >, __gnu_cxx::__normal_iterator<unsigned char const*, std::vector<unsigned char, std::allocator<unsigned char> > >, unsigned char*)
 .text._ZNSt12_Vector_baseIhSaIhEE17_Vector_impl_data12_M_copy_dataERKS2_
                0x0000000000004900       0x3d obj/encryptedMessage.o
                0x0000000000004900                std::_Vector_base<unsigned char, std::allocator<unsigned char> >::_Vector_impl_data::_M_copy_data(std::_Vector_base<unsigned char, std::allocator<unsigned char> >::_Vector_impl_data const&)
 .text._ZSt4moveIRSaIhEEONSt16remove_referenceIT_E4typeEOS3_
                0x000000000000493d        0xe obj/encryptedMessage.o
                0x000000000000493d                std::remove_reference<std::allocator<unsigned char>&>::type&& std::move<std::allocator<unsigned char>&>(std::allocator<unsigned char>&)
 *fill*         0x000000000000494b        0x1 
 .text._ZN9__gnu_cxx13new_allocatorIhE9constructIhJhEEEvPT_DpOT0_
                0x000000000000494c       0x3e obj/encryptedMessage.o
                0x000000000000494c                void __gnu_cxx::new_allocator<unsigned char>::construct<unsigned char, unsigned char>(unsigned char*, unsigned char&&)
 .text._ZNKSt6vectorIhSaIhEE12_M_check_lenEmPKc
                0x000000000000498a       0xeb obj/encryptedMessage.o
                0x000000000000498a                std::vector<unsigned char, std::allocator<unsigned char> >::_M_check_len(unsigned long, char const*) const
 .text._ZN9__gnu_cxxmiIPhSt6vectorIhSaIhEEEENS_17__normal_iteratorIT_T0_E15difference_typeERKS8_SB_
                0x0000000000004a75       0x3b obj/encryptedMessage.o
                0x0000000000004a75                __gnu_cxx::__normal_iterator<unsigned char*, std::vector<unsigned char, std::allocator<unsigned char> > >::difference_type __gnu_cxx::operator-<unsigned char*, std::vector<unsigned char, std::allocator<unsigned char> > >(__gnu_cxx::__normal_iterator<unsigned char*, std::vector<unsigned char, std::allocator<unsigned char> > > const&, __gnu_cxx::__normal_iterator<unsigned char*, std::vector<unsigned char, std::allocator<unsigned char> > > const&)
 .text._ZNSt6vectorIhSaIhEE11_S_relocateEPhS2_S2_RS0_
                0x0000000000004ab0       0x32 obj/encryptedMessage.o
                0x0000000000004ab0                std::vector<unsigned char, std::allocator<unsigned char> >::_S_relocate(unsigned char*, unsigned char*, unsigned char*, std::allocator<unsigned char>&)
 .text._ZNK9__gnu_cxx17__normal_iteratorIPhSt6vectorIhSaIhEEE4baseEv
                0x0000000000004ae2        0xe obj/encryptedMessage.o
                0x0000000000004ae2                __gnu_cxx::__normal_iterator<unsigned char*, std::vector<unsigned char, std::allocator<unsigned char> > >::base() const
 .text._ZNK9__gnu_cxx17__normal_iteratorIPhSt6vectorIhSaIhEEEmiEl
                0x0000000000004af0       0x61 obj/encryptedMessage.o
                0x0000000000004af0                __gnu_cxx::__normal_iterator<unsigned char*, std::vector<unsigned char, std::allocator<unsigned char> > >::operator-(long) const
 *fill*         0x0000000000004b51        0x1 
 .text._ZNK9__gnu_cxx17__normal_iteratorIPhSt6vectorIhSaIhEEEdeEv
                0x0000000000004b52       0x11 obj/encryptedMessage.o
                0x0000000000004b52                __gnu_cxx::__normal_iterator<unsigned char*, std::vector<unsigned char, std::allocator<unsigned char> > >::operator*() const
 .text._ZSt8distanceIN9__gnu_cxx17__normal_iteratorIPhSt6vectorIhSaIhEEEEENSt15iterator_traitsIT_E15difference_typeES8_S8_
                0x0000000000004b63       0x31 obj/encryptedMessage.o
                0x0000000000004b63                std::iterator_traits<__gnu_cxx::__normal_iterator<unsigned char*, std::vector<unsigned char, std::allocator<unsigned char> > > >::difference_type std::distance<__gnu_cxx::__normal_iterator<unsigned char*, std::vector<unsigned char, std::allocator<unsigned char> > > >(__gnu_cxx::__normal_iterator<unsigned char*, std::vector<unsigned char, std::allocator<unsigned char> > >, __gnu_cxx::__normal_iterator<unsigned char*, std::vector<unsigned char, std::allocator<unsigned char> > >)
 .text._ZNSt7__cxx1112basic_stringIcSt11char_traitsIcESaIcEE12_M_constructIN9__gnu_cxx17__normal_iteratorIPhSt6vectorIhSaIhEEEEEEvT_SD_St20forward_iterator_tag
                0x0000000000004b94      0x146 obj/encryptedMessage.o
                0x0000000000004b94                void std::__cxx11::basic_string<char, std::char_traits<char>, std::allocator<char> >::_M_construct<__gnu_cxx::__normal_iterator<unsigned char*, std::vector<unsigned char, std::allocator<unsigned char> > > >(__gnu_cxx::__normal_iterator<unsigned char*, std::vector<unsigned char, std::allocator<unsigned char> > >, __gnu_cxx::__normal_iterator<unsigned char*, std::vector<unsigned char, std::allocator<unsigned char> > >, std::forward_iterator_tag)
 .text._ZN9__gnu_cxx17__is_null_pointerIKcEEbPT_
                0x0000000000004cda       0x12 obj/encryptedMessage.o
                0x0000000000004cda                bool __gnu_cxx::__is_null_pointer<char const>(char const*)
 .text._ZSt19__iterator_categoryIPKcENSt15iterator_traitsIT_E17iterator_categoryERKS3_
                0x0000000000004cec        0xa obj/encryptedMessage.o
                0x0000000000004cec                std::iterator_traits<char const*>::iterator_category std::__iterator_category<char const*>(char const* const&)
 .text._ZSt10__distanceIPKcENSt15iterator_traitsIT_E15difference_typeES3_S3_St26random_access_iterator_tag
                0x0000000000004cf6       0x16 obj/encryptedMessage.o
                0x0000000000004cf6                std::iterator_traits<char const*>::difference_type std::__distance<char const*>(char const*, char const*, std::random_access_iterator_tag)
 .text._ZN9__gnu_cxx13new_allocatorIhEC2ERKS1_
                0x0000000000004d0c        0xf obj/encryptedMessage.o
                0x0000000000004d0c                __gnu_cxx::new_allocator<unsigned char>::new_allocator(__gnu_cxx::new_allocator<unsigned char> const&)
                0x0000000000004d0c                __gnu_cxx::new_allocator<unsigned char>::new_allocator(__gnu_cxx::new_allocator<unsigned char> const&)
 *fill*         0x0000000000004d1b        0x1 
 .text._ZNK9__gnu_cxx17__normal_iteratorIPcNSt7__cxx1112basic_stringIcSt11char_traitsIcESaIcEEEE4baseEv
                0x0000000000004d1c        0xe obj/encryptedMessage.o
                0x0000000000004d1c                __gnu_cxx::__normal_iterator<char*, std::__cxx11::basic_string<char, std::char_traits<char>, std::allocator<char> > >::base() const
 .text._ZNSt16allocator_traitsISaIhEE8max_sizeERKS0_
                0x0000000000004d2a       0x1a obj/encryptedMessage.o
                0x0000000000004d2a                std::allocator_traits<std::allocator<unsigned char> >::max_size(std::allocator<unsigned char> const&)
 .text._ZSt3minImERKT_S2_S2_
                0x0000000000004d44       0x2b obj/encryptedMessage.o
                0x0000000000004d44                unsigned long const& std::min<unsigned long>(unsigned long const&, unsigned long const&)
 *fill*         0x0000000000004d6f        0x1 
 .text._ZNK9__gnu_cxx13new_allocatorIhE11_M_max_sizeEv
                0x0000000000004d70       0x14 obj/encryptedMessage.o
                0x0000000000004d70                __gnu_cxx::new_allocator<unsigned char>::_M_max_size() const
 .text._ZN9__gnu_cxx13new_allocatorIhE8allocateEmPKv
                0x0000000000004d84       0x48 obj/encryptedMessage.o
                0x0000000000004d84                __gnu_cxx::new_allocator<unsigned char>::allocate(unsigned long, void const*)
 .text._ZNSt20__uninitialized_copyILb1EE13__uninit_copyIN9__gnu_cxx17__normal_iteratorIPcNSt7__cxx1112basic_stringIcSt11char_traitsIcESaIcEEEEEPhEET0_T_SE_SD_
                0x0000000000004dcc       0x2d obj/encryptedMessage.o
                0x0000000000004dcc                unsigned char* std::__uninitialized_copy<true>::__uninit_copy<__gnu_cxx::__normal_iterator<char*, std::__cxx11::basic_string<char, std::char_traits<char>, std::allocator<char> > >, unsigned char*>(__gnu_cxx::__normal_iterator<char*, std::__cxx11::basic_string<char, std::char_traits<char>, std::allocator<char> > >, __gnu_cxx::__normal_iterator<char*, std::__cxx11::basic_string<char, std::char_traits<char>, std::allocator<char> > >, unsigned char*)
 *fill*         0x0000000000004df9        0x1 
 .text._ZNK9__gnu_cxx17__normal_iteratorIPKhSt6vectorIhSaIhEEE4baseEv
                0x0000000000004dfa        0xe obj/encryptedMessage.o
                0x0000000000004dfa                __gnu_cxx::__normal_iterator<unsigned char const*, std::vector<unsigned char, std::allocator<unsigned char> > >::base() const
 .text._ZSt14__copy_move_a2ILb0EPKhPhET1_T0_S4_S3_
                0x0000000000004e08       0x2d obj/encryptedMessage.o
                0x0000000000004e08                unsigned char* std::__copy_move_a2<false, unsigned char const*, unsigned char*>(unsigned char const*, unsigned char const*, unsigned char*)
 *fill*         0x0000000000004e35        0x1 
 .text._ZNK9__gnu_cxx17__normal_iteratorIPhSt6vectorIhSaIhEEEplEl
                0x0000000000004e36       0x5e obj/encryptedMessage.o
                0x0000000000004e36                __gnu_cxx::__normal_iterator<unsigned char*, std::vector<unsigned char, std::allocator<unsigned char> > >::operator+(long) const
 .text._ZSt14__copy_move_a2ILb0EPhS0_ET1_T0_S2_S1_
                0x0000000000004e94       0x2d obj/encryptedMessage.o
                0x0000000000004e94                unsigned char* std::__copy_move_a2<false, unsigned char*, unsigned char*>(unsigned char*, unsigned char*, unsigned char*)
 .text._ZSt4copyIN9__gnu_cxx17__normal_iteratorIPKhSt6vectorIhSaIhEEEEPhET0_T_SA_S9_
                0x0000000000004ec1       0x4b obj/encryptedMessage.o
                0x0000000000004ec1                unsigned char* std::copy<__gnu_cxx::__normal_iterator<unsigned char const*, std::vector<unsigned char, std::allocator<unsigned char> > >, unsigned char*>(__gnu_cxx::__normal_iterator<unsigned char const*, std::vector<unsigned char, std::allocator<unsigned char> > >, __gnu_cxx::__normal_iterator<unsigned char const*, std::vector<unsigned char, std::allocator<unsigned char> > >, unsigned char*)
 .text._ZNKSt6vectorIhSaIhEE8max_sizeEv
                0x0000000000004f0c       0x22 obj/encryptedMessage.o
                0x0000000000004f0c                std::vector<unsigned char, std::allocator<unsigned char> >::max_size() const
 .text._ZSt3maxImERKT_S2_S2_
                0x0000000000004f2e       0x2b obj/encryptedMessage.o
                0x0000000000004f2e                unsigned long const& std::max<unsigned long>(unsigned long const&, unsigned long const&)
 .text._ZNSt6vectorIhSaIhEE14_S_do_relocateEPhS2_S2_RS0_St17integral_constantIbLb1EE
                0x0000000000004f59       0x32 obj/encryptedMessage.o
                0x0000000000004f59                std::vector<unsigned char, std::allocator<unsigned char> >::_S_do_relocate(unsigned char*, unsigned char*, unsigned char*, std::allocator<unsigned char>&, std::integral_constant<bool, true>)
 .text._ZN9__gnu_cxx17__is_null_pointerINS_17__normal_iteratorIPhSt6vectorIhSaIhEEEEEEbT_
                0x0000000000004f8b        0xf obj/encryptedMessage.o
                0x0000000000004f8b                bool __gnu_cxx::__is_null_pointer<__gnu_cxx::__normal_iterator<unsigned char*, std::vector<unsigned char, std::allocator<unsigned char> > > >(__gnu_cxx::__normal_iterator<unsigned char*, std::vector<unsigned char, std::allocator<unsigned char> > >)
 .text._ZN9__gnu_cxxneIPhSt6vectorIhSaIhEEEEbRKNS_17__normal_iteratorIT_T0_EESA_
                0x0000000000004f9a       0x3b obj/encryptedMessage.o
                0x0000000000004f9a                bool __gnu_cxx::operator!=<unsigned char*, std::vector<unsigned char, std::allocator<unsigned char> > >(__gnu_cxx::__normal_iterator<unsigned char*, std::vector<unsigned char, std::allocator<unsigned char> > > const&, __gnu_cxx::__normal_iterator<unsigned char*, std::vector<unsigned char, std::allocator<unsigned char> > > const&)
 .text._ZSt19__iterator_categoryIN9__gnu_cxx17__normal_iteratorIPhSt6vectorIhSaIhEEEEENSt15iterator_traitsIT_E17iterator_categoryERKS8_
                0x0000000000004fd5        0xa obj/encryptedMessage.o
                0x0000000000004fd5                std::iterator_traits<__gnu_cxx::__normal_iterator<unsigned char*, std::vector<unsigned char, std::allocator<unsigned char> > > >::iterator_category std::__iterator_category<__gnu_cxx::__normal_iterator<unsigned char*, std::vector<unsigned char, std::allocator<unsigned char> > > >(__gnu_cxx::__normal_iterator<unsigned char*, std::vector<unsigned char, std::allocator<unsigned char> > > const&)
 .text._ZSt10__distanceIN9__gnu_cxx17__normal_iteratorIPhSt6vectorIhSaIhEEEEENSt15iterator_traitsIT_E15difference_typeES8_S8_St26random_access_iterator_tag
                0x0000000000004fdf       0x25 obj/encryptedMessage.o
                0x0000000000004fdf                std::iterator_traits<__gnu_cxx::__normal_iterator<unsigned char*, std::vector<unsigned char, std::allocator<unsigned char> > > >::difference_type std::__distance<__gnu_cxx::__normal_iterator<unsigned char*, std::vector<unsigned char, std::allocator<unsigned char> > > >(__gnu_cxx::__normal_iterator<unsigned char*, std::vector<unsigned char, std::allocator<unsigned char> > >, __gnu_cxx::__normal_iterator<unsigned char*, std::vector<unsigned char, std::allocator<unsigned char> > >, std::random_access_iterator_tag)
 .text._ZNSt7__cxx1112basic_stringIcSt11char_traitsIcESaIcEE13_S_copy_charsIN9__gnu_cxx17__normal_iteratorIPhSt6vectorIhSaIhEEEEEEvPcT_SE_
                0x0000000000005004       0x89 obj/encryptedMessage.o
                0x0000000000005004                void std::__cxx11::basic_string<char, std::char_traits<char>, std::allocator<char> >::_S_copy_chars<__gnu_cxx::__normal_iterator<unsigned char*, std::vector<unsigned char, std::allocator<unsigned char> > > >(char*, __gnu_cxx::__normal_iterator<unsigned char*, std::vector<unsigned char, std::allocator<unsigned char> > >, __gnu_cxx::__normal_iterator<unsigned char*, std::vector<unsigned char, std::allocator<unsigned char> > >)
 *fill*         0x000000000000508d        0x1 
 .text._ZNK9__gnu_cxx13new_allocatorIhE8max_sizeEv
                0x000000000000508e       0x1a obj/encryptedMessage.o
                0x000000000000508e                __gnu_cxx::new_allocator<unsigned char>::max_size() const
 .text._ZSt4copyIN9__gnu_cxx17__normal_iteratorIPcNSt7__cxx1112basic_stringIcSt11char_traitsIcESaIcEEEEEPhET0_T_SC_SB_
                0x00000000000050a8       0x4b obj/encryptedMessage.o
                0x00000000000050a8                unsigned char* std::copy<__gnu_cxx::__normal_iterator<char*, std::__cxx11::basic_string<char, std::char_traits<char>, std::allocator<char> > >, unsigned char*>(__gnu_cxx::__normal_iterator<char*, std::__cxx11::basic_string<char, std::char_traits<char>, std::allocator<char> > >, __gnu_cxx::__normal_iterator<char*, std::__cxx11::basic_string<char, std::char_traits<char>, std::allocator<char> > >, unsigned char*)
 .text._ZNSt11__copy_moveILb0ELb1ESt26random_access_iterator_tagE8__copy_mIhEEPT_PKS3_S6_S4_
                0x00000000000050f3       0x4b obj/encryptedMessage.o
                0x00000000000050f3                unsigned char* std::__copy_move<false, true, std::random_access_iterator_tag>::__copy_m<unsigned char>(unsigned char const*, unsigned char const*, unsigned char*)
 .text._ZSt13__copy_move_aILb0EN9__gnu_cxx17__normal_iteratorIPKhSt6vectorIhSaIhEEEEPhET1_T0_SA_S9_
                0x000000000000513e       0x6a obj/encryptedMessage.o
                0x000000000000513e                unsigned char* std::__copy_move_a<false, __gnu_cxx::__normal_iterator<unsigned char const*, std::vector<unsigned char, std::allocator<unsigned char> > >, unsigned char*>(__gnu_cxx::__normal_iterator<unsigned char const*, std::vector<unsigned char, std::allocator<unsigned char> > >, __gnu_cxx::__normal_iterator<unsigned char const*, std::vector<unsigned char, std::allocator<unsigned char> > >, unsigned char*)
 .text._ZSt12__relocate_aIPhS0_SaIhEET0_T_S3_S2_RT1_
                0x00000000000051a8       0x63 obj/encryptedMessage.o
                0x00000000000051a8                unsigned char* std::__relocate_a<unsigned char*, unsigned char*, std::allocator<unsigned char> >(unsigned char*, unsigned char*, unsigned char*, std::allocator<unsigned char>&)
 *fill*         0x000000000000520b        0x1 
 .text._ZN9__gnu_cxx17__normal_iteratorIPhSt6vectorIhSaIhEEEppEv
                0x000000000000520c       0x20 obj/encryptedMessage.o
                0x000000000000520c                __gnu_cxx::__normal_iterator<unsigned char*, std::vector<unsigned char, std::allocator<unsigned char> > >::operator++()
 .text._ZSt12__miter_baseIN9__gnu_cxx17__normal_iteratorIPcNSt7__cxx1112basic_stringIcSt11char_traitsIcESaIcEEEEEET_SA_
                0x000000000000522c        0xe obj/encryptedMessage.o
                0x000000000000522c                __gnu_cxx::__normal_iterator<char*, std::__cxx11::basic_string<char, std::char_traits<char>, std::allocator<char> > > std::__miter_base<__gnu_cxx::__normal_iterator<char*, std::__cxx11::basic_string<char, std::char_traits<char>, std::allocator<char> > > >(__gnu_cxx::__normal_iterator<char*, std::__cxx11::basic_string<char, std::char_traits<char>, std::allocator<char> > >)
 .text._ZSt13__copy_move_aILb0EN9__gnu_cxx17__normal_iteratorIPcNSt7__cxx1112basic_stringIcSt11char_traitsIcESaIcEEEEEPhET1_T0_SC_SB_
                0x000000000000523a       0x6a obj/encryptedMessage.o
                0x000000000000523a                unsigned char* std::__copy_move_a<false, __gnu_cxx::__normal_iterator<char*, std::__cxx11::basic_string<char, std::char_traits<char>, std::allocator<char> > >, unsigned char*>(__gnu_cxx::__normal_iterator<char*, std::__cxx11::basic_string<char, std::char_traits<char>, std::allocator<char> > >, __gnu_cxx::__normal_iterator<char*, std::__cxx11::basic_string<char, std::char_traits<char>, std::allocator<char> > >, unsigned char*)
 .text._ZSt14__relocate_a_1IhhENSt9enable_ifIXsrSt24__is_bitwise_relocatableIT_vE5valueEPS2_E4typeES4_S4_S4_RSaIT0_E
                0x00000000000052a4       0x4f obj/encryptedMessage.o
                0x00000000000052a4                std::enable_if<std::__is_bitwise_relocatable<unsigned char, void>::value, unsigned char*>::type std::__relocate_a_1<unsigned char, unsigned char>(unsigned char*, unsigned char*, unsigned char*, std::allocator<unsigned char>&)
 .text._ZSt12__niter_baseIPcNSt7__cxx1112basic_stringIcSt11char_traitsIcESaIcEEEET_N9__gnu_cxx17__normal_iteratorIS7_T0_EE
                0x00000000000052f3       0x1d obj/encryptedMessage.o
                0x00000000000052f3                char* std::__niter_base<char*, std::__cxx11::basic_string<char, std::char_traits<char>, std::allocator<char> > >(__gnu_cxx::__normal_iterator<char*, std::__cxx11::basic_string<char, std::char_traits<char>, std::allocator<char> > >)
 .text._ZSt14__copy_move_a1ILb0EPcPhET1_T0_S3_S2_
                0x0000000000005310       0x2d obj/encryptedMessage.o
                0x0000000000005310                unsigned char* std::__copy_move_a1<false, char*, unsigned char*>(char*, char*, unsigned char*)
 .text._ZSt14__copy_move_a2ILb0EPcPhET1_T0_S3_S2_
                0x000000000000533d       0x2d obj/encryptedMessage.o
                0x000000000000533d                unsigned char* std::__copy_move_a2<false, char*, unsigned char*>(char*, char*, unsigned char*)
 .text._ZNSt11__copy_moveILb0ELb0ESt26random_access_iterator_tagE8__copy_mIPcPhEET0_T_S6_S5_
                0x000000000000536a       0x49 obj/encryptedMessage.o
                0x000000000000536a                unsigned char* std::__copy_move<false, false, std::random_access_iterator_tag>::__copy_m<char*, unsigned char*>(char*, char*, unsigned char*)
 .text          0x00000000000053b3      0x3ba /tmp/ccJRGZD8.o
                0x00000000000053b3                bitwiseXOR(char, char)
                0x00000000000053ec                fixedXOR(std::vector<unsigned char, std::allocator<unsigned char> >, std::vector<unsigned char, std::allocator<unsigned char> >)
 *fill*         0x000000000000576d        0x1 
 .text._ZNSt12_Vector_baseIhSaIhEEC2EOS1_
                0x000000000000576e       0x26 /tmp/ccJRGZD8.o
                0x000000000000576e                std::_Vector_base<unsigned char, std::allocator<unsigned char> >::_Vector_base(std::_Vector_base<unsigned char, std::allocator<unsigned char> >&&)
                0x000000000000576e                std::_Vector_base<unsigned char, std::allocator<unsigned char> >::_Vector_base(std::_Vector_base<unsigned char, std::allocator<unsigned char> >&&)
 .text._ZNSt6vectorIhSaIhEEC2EOS1_
                0x0000000000005794       0x26 /tmp/ccJRGZD8.o
                0x0000000000005794                std::vector<unsigned char, std::allocator<unsigned char> >::vector(std::vector<unsigned char, std::allocator<unsigned char> >&&)
                0x0000000000005794                std::vector<unsigned char, std::allocator<unsigned char> >::vector(std::vector<unsigned char, std::allocator<unsigned char> >&&)
 .text._ZNSt12_Vector_baseIhSaIhEE12_Vector_implC2EOS2_
                0x00000000000057ba       0x51 /tmp/ccJRGZD8.o
                0x00000000000057ba                std::_Vector_base<unsigned char, std::allocator<unsigned char> >::_Vector_impl::_Vector_impl(std::_Vector_base<unsigned char, std::allocator<unsigned char> >::_Vector_impl&&)
                0x00000000000057ba                std::_Vector_base<unsigned char, std::allocator<unsigned char> >::_Vector_impl::_Vector_impl(std::_Vector_base<unsigned char, std::allocator<unsigned char> >::_Vector_impl&&)
 .text._ZSt4moveIRNSt12_Vector_baseIhSaIhEE12_Vector_implEEONSt16remove_referenceIT_E4typeEOS6_
                0x000000000000580b        0xe /tmp/ccJRGZD8.o
                0x000000000000580b                std::remove_reference<std::_Vector_base<unsigned char, std::allocator<unsigned char> >::_Vector_impl&>::type&& std::move<std::_Vector_base<unsigned char, std::allocator<unsigned char> >::_Vector_impl&>(std::_Vector_base<unsigned char, std::allocator<unsigned char> >::_Vector_impl&)
 *fill*         0x0000000000005819        0x1 
 .text._ZNSt12_Vector_baseIhSaIhEE17_Vector_impl_dataC2EOS2_
                0x000000000000581a       0x68 /tmp/ccJRGZD8.o
                0x000000000000581a                std::_Vector_base<unsigned char, std::allocator<unsigned char> >::_Vector_impl_data::_Vector_impl_data(std::_Vector_base<unsigned char, std::allocator<unsigned char> >::_Vector_impl_data&&)
                0x000000000000581a                std::_Vector_base<unsigned char, std::allocator<unsigned char> >::_Vector_impl_data::_Vector_impl_data(std::_Vector_base<unsigned char, std::allocator<unsigned char> >::_Vector_impl_data&&)
 .text          0x0000000000005882      0xc45 /tmp/ccegt6Yt.o
                0x0000000000005882                bin2hex(std::vector<unsigned char, std::allocator<unsigned char> >)
                0x0000000000005a4b                hex2bin(std::vector<unsigned char, std::allocator<unsigned char> >)
                0x0000000000005d47                bin2base64(std::vector<unsigned char, std::allocator<unsigned char> >)
                0x0000000000005f45                dec2bin(int)
                0x00000000000060ec                bin2dec(std::vector<unsigned char, std::allocator<unsigned char> >)
 *fill*         0x00000000000064c7        0x1 
 .text._ZN9__gnu_cxx17__normal_iteratorIPKhSt6vectorIhSaIhEEEC2IPhEERKNS0_IT_NS_11__enable_ifIXsrSt10__are_sameIS9_S8_E7__valueES5_E6__typeEEE
                0x00000000000064c8       0x29 /tmp/ccegt6Yt.o
                0x00000000000064c8                __gnu_cxx::__normal_iterator<unsigned char const*, std::vector<unsigned char, std::allocator<unsigned char> > >::__normal_iterator<unsigned char*>(__gnu_cxx::__normal_iterator<unsigned char*, __gnu_cxx::__enable_if<std::__are_same<unsigned char*, unsigned char*>::__value, std::vector<unsigned char, std::allocator<unsigned char> > >::__type> const&)
                0x00000000000064c8                __gnu_cxx::__normal_iterator<unsigned char const*, std::vector<unsigned char, std::allocator<unsigned char> > >::__normal_iterator<unsigned char*>(__gnu_cxx::__normal_iterator<unsigned char*, __gnu_cxx::__enable_if<std::__are_same<unsigned char*, unsigned char*>::__value, std::vector<unsigned char, std::allocator<unsigned char> > >::__type> const&)
 *fill*         0x00000000000064f1        0x1 
 .text._ZNSt6vectorIhSaIhEE6insertEN9__gnu_cxx17__normal_iteratorIPKhS1_EEOh
                0x00000000000064f2       0x38 /tmp/ccegt6Yt.o
                0x00000000000064f2                std::vector<unsigned char, std::allocator<unsigned char> >::insert(__gnu_cxx::__normal_iterator<unsigned char const*, std::vector<unsigned char, std::allocator<unsigned char> > >, unsigned char&&)
 .text._ZNSt6vectorIhSaIhEE14_M_insert_rvalEN9__gnu_cxx17__normal_iteratorIPKhS1_EEOh
                0x000000000000652a      0x19d /tmp/ccegt6Yt.o
                0x000000000000652a                std::vector<unsigned char, std::allocator<unsigned char> >::_M_insert_rval(__gnu_cxx::__normal_iterator<unsigned char const*, std::vector<unsigned char, std::allocator<unsigned char> > >, unsigned char&&)
 *fill*         0x00000000000066c7        0x1 
 .text._ZNKSt6vectorIhSaIhEE6cbeginEv
                0x00000000000066c8       0x48 /tmp/ccegt6Yt.o
                0x00000000000066c8                std::vector<unsigned char, std::allocator<unsigned char> >::cbegin() const
 .text._ZN9__gnu_cxxmiIPKhSt6vectorIhSaIhEEEENS_17__normal_iteratorIT_T0_E15difference_typeERKS9_SC_
                0x0000000000006710       0x3b /tmp/ccegt6Yt.o
                0x0000000000006710                __gnu_cxx::__normal_iterator<unsigned char const*, std::vector<unsigned char, std::allocator<unsigned char> > >::difference_type __gnu_cxx::operator-<unsigned char const*, std::vector<unsigned char, std::allocator<unsigned char> > >(__gnu_cxx::__normal_iterator<unsigned char const*, std::vector<unsigned char, std::allocator<unsigned char> > > const&, __gnu_cxx::__normal_iterator<unsigned char const*, std::vector<unsigned char, std::allocator<unsigned char> > > const&)
 *fill*         0x000000000000674b        0x1 
 .text._ZNKSt6vectorIhSaIhEE4cendEv
                0x000000000000674c       0x4c /tmp/ccegt6Yt.o
                0x000000000000674c                std::vector<unsigned char, std::allocator<unsigned char> >::cend() const
 .text._ZN9__gnu_cxxeqIPKhSt6vectorIhSaIhEEEEbRKNS_17__normal_iteratorIT_T0_EESB_
                0x0000000000006798       0x3b /tmp/ccegt6Yt.o
                0x0000000000006798                bool __gnu_cxx::operator==<unsigned char const*, std::vector<unsigned char, std::allocator<unsigned char> > >(__gnu_cxx::__normal_iterator<unsigned char const*, std::vector<unsigned char, std::allocator<unsigned char> > > const&, __gnu_cxx::__normal_iterator<unsigned char const*, std::vector<unsigned char, std::allocator<unsigned char> > > const&)
 *fill*         0x00000000000067d3        0x1 
 .text._ZNSt6vectorIhSaIhEE13_M_insert_auxIhEEvN9__gnu_cxx17__normal_iteratorIPhS1_EEOT_
                0x00000000000067d4       0xb5 /tmp/ccegt6Yt.o
                0x00000000000067d4                void std::vector<unsigned char, std::allocator<unsigned char> >::_M_insert_aux<unsigned char>(__gnu_cxx::__normal_iterator<unsigned char*, std::vector<unsigned char, std::allocator<unsigned char> > >, unsigned char&&)
 .text._ZSt13move_backwardIPhS0_ET0_T_S2_S1_
                0x0000000000006889       0x4b /tmp/ccegt6Yt.o
                0x0000000000006889                unsigned char* std::move_backward<unsigned char*, unsigned char*>(unsigned char*, unsigned char*, unsigned char*)
 .text._ZSt22__copy_move_backward_aILb1EPhS0_ET1_T0_S2_S1_
                0x00000000000068d4       0x6a /tmp/ccegt6Yt.o
                0x00000000000068d4                unsigned char* std::__copy_move_backward_a<true, unsigned char*, unsigned char*>(unsigned char*, unsigned char*, unsigned char*)
 .text._ZSt23__copy_move_backward_a1ILb1EPhS0_ET1_T0_S2_S1_
                0x000000000000693e       0x2d /tmp/ccegt6Yt.o
                0x000000000000693e                unsigned char* std::__copy_move_backward_a1<true, unsigned char*, unsigned char*>(unsigned char*, unsigned char*, unsigned char*)
 .text._ZSt23__copy_move_backward_a2ILb1EPhS0_ET1_T0_S2_S1_
                0x000000000000696b       0x2d /tmp/ccegt6Yt.o
                0x000000000000696b                unsigned char* std::__copy_move_backward_a2<true, unsigned char*, unsigned char*>(unsigned char*, unsigned char*, unsigned char*)
 .text._ZNSt20__copy_move_backwardILb1ELb1ESt26random_access_iterator_tagE13__copy_move_bIhEEPT_PKS3_S6_S4_
                0x0000000000006998       0x5e /tmp/ccegt6Yt.o
                0x0000000000006998                unsigned char* std::__copy_move_backward<true, true, std::random_access_iterator_tag>::__copy_move_b<unsigned char>(unsigned char const*, unsigned char const*, unsigned char*)
 *fill*         0x00000000000069f6        0xa 
 .text          0x0000000000006a00       0x75 /usr/lib/libc_nonshared.a(elf-init.oS)
                0x0000000000006a00                __libc_csu_init
                0x0000000000006a70                __libc_csu_fini
 .text          0x0000000000006a75        0x0 /usr/lib/gcc/x86_64-pc-linux-gnu/11.1.0/crtendS.o
 .text          0x0000000000006a75        0x0 /usr/lib/gcc/x86_64-pc-linux-gnu/11.1.0/../../../../lib/crtn.o
 *(.gnu.warning)

.fini           0x0000000000006a78        0xd
 *(SORT_NONE(.fini))
 .fini          0x0000000000006a78        0x8 /usr/lib/gcc/x86_64-pc-linux-gnu/11.1.0/../../../../lib/crti.o
                0x0000000000006a78                _fini
 .fini          0x0000000000006a80        0x5 /usr/lib/gcc/x86_64-pc-linux-gnu/11.1.0/../../../../lib/crtn.o
                [!provide]                        PROVIDE (__etext = .)
                [!provide]                        PROVIDE (_etext = .)
                [!provide]                        PROVIDE (etext = .)
                0x0000000000007000                . = ALIGN (CONSTANT (MAXPAGESIZE))
                0x0000000000007000                . = SEGMENT_START ("rodata-segment", (ALIGN (CONSTANT (MAXPAGESIZE)) + (. & (CONSTANT (MAXPAGESIZE) - 0x1))))

.rodata         0x0000000000007000      0x2b2
 *(.rodata .rodata.* .gnu.linkonce.r.*)
 .rodata.cst4   0x0000000000007000        0x4 /usr/lib/gcc/x86_64-pc-linux-gnu/11.1.0/../../../../lib/Scrt1.o
                0x0000000000007000                _IO_stdin_used
 *fill*         0x0000000000007004        0x4 
 .rodata        0x0000000000007008       0xc2 obj/encryptedMessage.o
 .rodata        0x00000000000070ca       0x1c /tmp/ccJRGZD8.o
 *fill*         0x00000000000070e6        0x2 
 .rodata        0x00000000000070e8      0x1ca /tmp/ccegt6Yt.o

.rodata1
 *(.rodata1)

.eh_frame_hdr   0x00000000000072b4      0x61c
 *(.eh_frame_hdr)
 .eh_frame_hdr  0x00000000000072b4      0x61c /usr/lib/gcc/x86_64-pc-linux-gnu/11.1.0/../../../../lib/Scrt1.o
                0x00000000000072b4                __GNU_EH_FRAME_HDR
 *(.eh_frame_entry .eh_frame_entry.*)

.eh_frame       0x00000000000078d0     0x1998
 *(.eh_frame)
 .eh_frame      0x00000000000078d0       0x30 /usr/lib/gcc/x86_64-pc-linux-gnu/11.1.0/../../../../lib/Scrt1.o
                                         0x2c (size before relaxing)
 *fill*         0x0000000000007900        0x0 
 .eh_frame      0x0000000000007900       0x28 /usr/lib/gcc/x86_64-pc-linux-gnu/11.1.0/../../../../lib/Scrt1.o
                                         0x40 (size before relaxing)
 .eh_frame      0x0000000000007928        0x0 /usr/lib/gcc/x86_64-pc-linux-gnu/11.1.0/../../../../lib/Scrt1.o
 .eh_frame      0x0000000000007928     0x14f8 obj/encryptedMessage.o
                                       0x1510 (size before relaxing)
 .eh_frame      0x0000000000008e20      0x130 /tmp/ccJRGZD8.o
                                        0xc60 (size before relaxing)
 .eh_frame      0x0000000000008f50      0x2b8 /tmp/ccegt6Yt.o
                                        0xcc0 (size before relaxing)
 .eh_frame      0x0000000000009208       0x5c /usr/lib/libc_nonshared.a(elf-init.oS)
                                         0x78 (size before relaxing)
 .eh_frame      0x0000000000009264        0x4 /usr/lib/gcc/x86_64-pc-linux-gnu/11.1.0/crtendS.o
 *(.eh_frame.*)

.gcc_except_table
                0x0000000000009268      0x250
 *(.gcc_except_table .gcc_except_table.*)
 .gcc_except_table
                0x0000000000009268      0x158 obj/encryptedMessage.o
 .gcc_except_table
                0x00000000000093c0       0x59 /tmp/ccJRGZD8.o
 *fill*         0x0000000000009419        0x3 
 .gcc_except_table
                0x000000000000941c       0x9c /tmp/ccegt6Yt.o

.gnu_extab
 *(.gnu_extab*)

.exception_ranges
 *(.exception_ranges*)
                0x000000000000ad90                . = DATA_SEGMENT_ALIGN (CONSTANT (MAXPAGESIZE), CONSTANT (COMMONPAGESIZE))

.eh_frame
 *(.eh_frame)
 *(.eh_frame.*)

.gnu_extab
 *(.gnu_extab)

.gcc_except_table
 *(.gcc_except_table .gcc_except_table.*)

.exception_ranges
 *(.exception_ranges*)

.tdata          0x000000000000ad90        0x0
                [!provide]                        PROVIDE (__tdata_start = .)
 *(.tdata .tdata.* .gnu.linkonce.td.*)

.tbss
 *(.tbss .tbss.* .gnu.linkonce.tb.*)
 *(.tcommon)

.preinit_array  0x000000000000ad90        0x0
                [!provide]                        PROVIDE (__preinit_array_start = .)
 *(.preinit_array)
                [!provide]                        PROVIDE (__preinit_array_end = .)

.init_array     0x000000000000ad90       0x20
                0x000000000000ad90                PROVIDE (__init_array_start = .)
 *(SORT_BY_INIT_PRIORITY(.init_array.*) SORT_BY_INIT_PRIORITY(.ctors.*))
 *(.init_array EXCLUDE_FILE(*crtend?.o *crtend.o *crtbegin?.o *crtbegin.o) .ctors)
 .init_array    0x000000000000ad90        0x8 /usr/lib/gcc/x86_64-pc-linux-gnu/11.1.0/crtbeginS.o
 .init_array    0x000000000000ad98        0x8 obj/encryptedMessage.o
 .init_array    0x000000000000ada0        0x8 /tmp/ccJRGZD8.o
 .init_array    0x000000000000ada8        0x8 /tmp/ccegt6Yt.o
                0x000000000000adb0                PROVIDE (__init_array_end = .)

.fini_array     0x000000000000adb0        0x8
                [!provide]                        PROVIDE (__fini_array_start = .)
 *(SORT_BY_INIT_PRIORITY(.fini_array.*) SORT_BY_INIT_PRIORITY(.dtors.*))
 *(.fini_array EXCLUDE_FILE(*crtend?.o *crtend.o *crtbegin?.o *crtbegin.o) .dtors)
 .fini_array    0x000000000000adb0        0x8 /usr/lib/gcc/x86_64-pc-linux-gnu/11.1.0/crtbeginS.o
                [!provide]                        PROVIDE (__fini_array_end = .)

.ctors
 *crtbegin.o(.ctors)
 *crtbegin?.o(.ctors)
 *(EXCLUDE_FILE(*crtend?.o *crtend.o) .ctors)
 *(SORT_BY_NAME(.ctors.*))
 *(.ctors)

.dtors
 *crtbegin.o(.dtors)
 *crtbegin?.o(.dtors)
 *(EXCLUDE_FILE(*crtend?.o *crtend.o) .dtors)
 *(SORT_BY_NAME(.dtors.*))
 *(.dtors)

.jcr
 *(.jcr)

.data.rel.ro    0x000000000000adb8        0x0
 *(.data.rel.ro.local* .gnu.linkonce.d.rel.ro.local.*)
 *(.data.rel.ro .data.rel.ro.* .gnu.linkonce.d.rel.ro.*)
 .data.rel.ro   0x000000000000adb8        0x0 /usr/lib/gcc/x86_64-pc-linux-gnu/11.1.0/../../../../lib/Scrt1.o

.dynamic        0x000000000000adb8      0x210
 *(.dynamic)
 .dynamic       0x000000000000adb8      0x210 /usr/lib/gcc/x86_64-pc-linux-gnu/11.1.0/../../../../lib/Scrt1.o
                0x000000000000adb8                _DYNAMIC

.got            0x000000000000afc8       0x38
 *(.got)
 .got           0x000000000000afc8       0x38 /usr/lib/gcc/x86_64-pc-linux-gnu/11.1.0/../../../../lib/Scrt1.o
 *(.igot)
                0x000000000000bfe8                . = DATA_SEGMENT_RELRO_END (., (SIZEOF (.got.plt) >= 0x18)?0x18:0x0)

.got.plt        0x000000000000b000      0x150
 *(.got.plt)
 .got.plt       0x000000000000b000      0x150 /usr/lib/gcc/x86_64-pc-linux-gnu/11.1.0/../../../../lib/Scrt1.o
                0x000000000000b000                _GLOBAL_OFFSET_TABLE_
 *(.igot.plt)

.data           0x000000000000b150       0x18
 *(.data .data.* .gnu.linkonce.d.*)
 .data          0x000000000000b150        0x4 /usr/lib/gcc/x86_64-pc-linux-gnu/11.1.0/../../../../lib/Scrt1.o
                0x000000000000b150                data_start
                0x000000000000b150                __data_start
 .data          0x000000000000b154        0x0 /usr/lib/gcc/x86_64-pc-linux-gnu/11.1.0/../../../../lib/crti.o